{
  "to": "$storageContract",
  "nonce": "$nonce",
  "gasLimit": "900000",
  "input": "4f628d84",
  "v": "",
  "r": "",
  "s": "",
  "gasUsed": "448882",
  "type": "TRX_TYPE_LEGACY",
  "accessList": [],
  "index": "$index",
  "hash": "$hash",
  "from": "821b55d8abe79bc98f05eb675fdc50dfe796b7ab",
  "returnData": "",
  "publicKey": "",
  "beginOrdinal": "0",
  "endOrdinal": "40",
  "status": "SUCCEEDED",
  "calls": [
    {
      "index": 1,
      "parentIndex": 0,
      "depth": 0,
      "callType": "CALL",
      "caller": "821b55d8abe79bc98f05eb675fdc50dfe796b7ab",
      "address": "$storageContract",
      "gasLimit": "878936",
      "gasConsumed": "447718",
      "returnData": "0000000000000000000000000000000000000000000000000000000000000078",
      "input": "4f628d84",
      "executedCode": true,
      "suicide": false,
      "keccakPreimages": {
        "fc48ef9e069d0395cd1f80d417094126b894d379beefb9734ebf983eb2abec04": "7265616c79206c6f6e6720737472696e67206c6172676572207468616e20333220627974657320746f2074657374206f757420736f6c69646974792073706c697474696e67207374756666a349a734f70c971b0a2d5a6be02ccbc1f89923a92a74d39a6cac2779859f9889",
        "969037b8819a2a8d75990dd62414bbd409e8e721f081dfb38cc00f7a9bb3e187": "fc48ef9e069d0395cd1f80d417094126b894d379beefb9734ebf983eb2abec04",
        "290decd9548b62a8d60345a988386fc84ba6bc95484008f6362f93160ef3e563": "0000000000000000000000000000000000000000000000000000000000000000",
        "b10e2d527612073b26eecdfd717e6a320cf44b4afac2b0732d9fcbe2b7fa0cf6": "0000000000000000000000000000000000000000000000000000000000000001",
        "405787fa12a823e0f2b7631cc41b3ba8828b3321ca811111fa75cd3aa3bb5ace": "0000000000000000000000000000000000000000000000000000000000000002",
        "c2575a0e9e593c00f959f8c92f12db2869c3395a3b0502d05e2516446f71f85b": "0000000000000000000000000000000000000000000000000000000000000003",
        "51e58ebd97a4adfd70a2c4a93cdfeb8ec1734bb8b59e914c91128ce8eaf3d6fa": "73686f727420737472696e67000000000000000000000000000000000000000000000000000000000000000a",
        "fde8f39e0a91faa32831810c264649fa24d605fac9215ba27482bf4e132f4090": "51e58ebd97a4adfd70a2c4a93cdfeb8ec1734bb8b59e914c91128ce8eaf3d6fa",
        "c575c31fea594a6eb97c8e9d3f9caee4c16218c6ef37e923234c0fe9014a61e7": "00000000000000000000000000000000000000000000000000000000000000030000000000000000000000000000000000000000000000000000000000000009",
        "17a31065c429279cba32eebeafb5f7c841238f15332f92839e8bc3702b5f68c7": "7265616c79206c6f6e6720737472696e67206c6172676572207468616e20333220627974657320746f2074657374206f757420736f6c69646974792073706c697474696e672073747566660000000000000000000000000000000000000000000000000000000000000007",
        "a349a734f70c971b0a2d5a6be02ccbc1f89923a92a74d39a6cac2779859f9889": "5245414c59204c4f4e4720535452494e47204c4152474552205448414e20333220425954455320544f2054455354204f555420534f4c49444954592053504c495454494e472053545546460000000000000000000000000000000000000000000000000000000000000008",
        "ba40e88584dab201477e552750a64dff89c2c1602b3c0d2688d95217d549b277": "610000000000000000000000000000000000000000000000000000000000000006",
        "0c4bcf2d962d2967567161e2c07ee166d0a7fbac816b34859338e95768fe2ad4": "c575c31fea594a6eb97c8e9d3f9caee4c16218c6ef37e923234c0fe9014a61e7",
        "09cb6d0c5eb67efe8c110c9c3e67f4d89c3e3d4110863e22dd0c0d3be71c1d32": "17a31065c429279cba32eebeafb5f7c841238f15332f92839e8bc3702b5f68c7"
      },
      "storageChanges": [
        {
          "address": "$storageContract",
          "key": "ba40e88584dab201477e552750a64dff89c2c1602b3c0d2688d95217d549b277",
          "oldValue": "0000000000000000000000000000000000000000000000000000000000000000",
          "newValue": "000000000000000000000000000000000000000000000000000000000000000a",
          "ordinal": "5"
        },
        {
          "address": "$storageContract",
          "key": "ba40e88584dab201477e552750a64dff89c2c1602b3c0d2688d95217d549b278",
          "oldValue": "0000000000000000000000000000000000000000000000000000000000000000",
          "newValue": "0000000000000000000000000000000000000000000000000000000000000014",
          "ordinal": "6"
        },
        {
          "address": "$storageContract",
          "key": "0000000000000000000000000000000000000000000000000000000000000004",
          "oldValue": "0000000000000000000000000000000000000000000000000000000000000000",
          "newValue": "000000000000000000000000000000000000000000000000000000000000001e",
          "ordinal": "7"
        },
        {
          "address": "$storageContract",
          "key": "0000000000000000000000000000000000000000000000000000000000000005",
          "oldValue": "0000000000000000000000000000000000000000000000000000000000000000",
          "newValue": "0000000000000000000000000000000000000000000000000000000000000028",
          "ordinal": "8"
        },
        {
          "address": "$storageContract",
          "key": "0000000000000000000000000000000000000000000000000000000000000003",
          "oldValue": "0000000000000000000000000000000000000000000000000000000000000000",
          "newValue": "0000000000000000000000000000000000000000000000000000000000000001",
          "ordinal": "9"
        },
        {
          "address": "$storageContract",
          "key": "c2575a0e9e593c00f959f8c92f12db2869c3395a3b0502d05e2516446f71f85b",
          "oldValue": "0000000000000000000000000000000000000000000000000000000000000000",
          "newValue": "0000000000000000000000000000000000000000000000000000000000000037",
          "ordinal": "10"
        },
        {
          "address": "$storageContract",
          "key": "c2575a0e9e593c00f959f8c92f12db2869c3395a3b0502d05e2516446f71f85b",
          "oldValue": "0000000000000000000000000000000000000000000000000000000000000037",
          "newValue": "000000000000000000000000000000000000000000000000000000000000004b",
          "ordinal": "11"
        },
        {
          "address": "$storageContract",
          "key": "51e58ebd97a4adfd70a2c4a93cdfeb8ec1734bb8b59e914c91128ce8eaf3d6fa",
          "oldValue": "0000000000000000000000000000000000000000000000000000000000000000",
          "newValue": "0000000000000000000000000000000000000000000000000000000000000001",
          "ordinal": "12"
        },
        {
          "address": "$storageContract",
          "key": "fde8f39e0a91faa32831810c264649fa24d605fac9215ba27482bf4e132f4090",
          "oldValue": "0000000000000000000000000000000000000000000000000000000000000000",
          "newValue": "0000000000000000000000000000000000000000000000000000000000000003",
          "ordinal": "13"
        },
        {
          "address": "$storageContract",
          "key": "fde8f39e0a91faa32831810c264649fa24d605fac9215ba27482bf4e132f4090",
          "oldValue": "0000000000000000000000000000000000000000000000000000000000000003",
          "newValue": "0000000000000000000000000000000000000000000000000000000000000100",
          "ordinal": "14"
        },
        {
          "address": "$storageContract",
          "key": "c575c31fea594a6eb97c8e9d3f9caee4c16218c6ef37e923234c0fe9014a61e7",
          "oldValue": "0000000000000000000000000000000000000000000000000000000000000000",
          "newValue": "6200000000000000000000000000000000000000000000000000000000000002",
          "ordinal": "15"
        },
        {
          "address": "$storageContract",
          "key": "17a31065c429279cba32eebeafb5f7c841238f15332f92839e8bc3702b5f68c7",
          "oldValue": "0000000000000000000000000000000000000000000000000000000000000000",
          "newValue": "6100000000000000000000000000000000000000000000000000000000000002",
          "ordinal": "17"
        },
        {
          "address": "$storageContract",
          "key": "fc48ef9e069d0395cd1f80d417094126b894d379beefb9734ebf983eb2abec04",
          "oldValue": "0000000000000000000000000000000000000000000000000000000000000000",
          "newValue": "6100000000000000000000000000000000000000000000000000000000000002",
          "ordinal": "20"
        },
        {
          "address": "$storageContract",
          "key": "0000000000000000000000000000000000000000000000000000000000000000",
          "oldValue": "0000000000000000000000000000000000000000000000000000000000000000",
          "newValue": "313233343536373839303132333435363738393031323334353637383930313e",
          "ordinal": "21"
        },
        {
          "address": "$storageContract",
          "key": "0000000000000000000000000000000000000000000000000000000000000001",
          "oldValue": "0000000000000000000000000000000000000000000000000000000000000000",
          "newValue": "0000000000000000000000000000000000000000000000000000000000000041",
          "ordinal": "22"
        },
        {
          "address": "$storageContract",
          "key": "b10e2d527612073b26eecdfd717e6a320cf44b4afac2b0732d9fcbe2b7fa0cf6",
          "oldValue": "0000000000000000000000000000000000000000000000000000000000000000",
          "newValue": "3132333435363738393031323334353637383930313233343536373839303132",
          "ordinal": "23"
        },
        {
          "address": "$storageContract",
          "key": "0000000000000000000000000000000000000000000000000000000000000002",
          "oldValue": "0000000000000000000000000000000000000000000000000000000000000000",
          "newValue": "0000000000000000000000000000000000000000000000000000000000000097",
          "ordinal": "25"
        },
        {
          "address": "$storageContract",
          "key": "405787fa12a823e0f2b7631cc41b3ba8828b3321ca811111fa75cd3aa3bb5ace",
          "oldValue": "0000000000000000000000000000000000000000000000000000000000000000",
          "newValue": "7265616c79206c6f6e6720737472696e67206c6172676572207468616e203332",
          "ordinal": "26"
        },
        {
          "address": "$storageContract",
          "key": "405787fa12a823e0f2b7631cc41b3ba8828b3321ca811111fa75cd3aa3bb5acf",
          "oldValue": "0000000000000000000000000000000000000000000000000000000000000000",
          "newValue": "20627974657320746f2074657374206f757420736f6c69646974792073706c69",
          "ordinal": "27"
        },
        {
          "address": "$storageContract",
          "key": "405787fa12a823e0f2b7631cc41b3ba8828b3321ca811111fa75cd3aa3bb5ad0",
          "oldValue": "0000000000000000000000000000000000000000000000000000000000000000",
          "newValue": "7474696e67207374756666000000000000000000000000000000000000000000",
          "ordinal": "28"
        },
        {
          "address": "$storageContract",
          "key": "0000000000000000000000000000000000000000000000000000000000000003",
          "oldValue": "0000000000000000000000000000000000000000000000000000000000000001",
          "newValue": "0000000000000000000000000000000000000000000000000000000000000002",
          "ordinal": "29"
        },
        {
          "address": "$storageContract",
          "key": "c2575a0e9e593c00f959f8c92f12db2869c3395a3b0502d05e2516446f71f85c",
          "oldValue": "0000000000000000000000000000000000000000000000000000000000000000",
          "newValue": "0000000000000000000000000000000000000000000000000000000000000037",
          "ordinal": "30"
        },
        {
          "address": "$storageContract",
          "key": "0000000000000000000000000000000000000000000000000000000000000003",
          "oldValue": "0000000000000000000000000000000000000000000000000000000000000002",
          "newValue": "0000000000000000000000000000000000000000000000000000000000000003",
          "ordinal": "31"
        },
        {
          "address": "$storageContract",
          "key": "c2575a0e9e593c00f959f8c92f12db2869c3395a3b0502d05e2516446f71f85d",
          "oldValue": "0000000000000000000000000000000000000000000000000000000000000000",
          "newValue": "000000000000000000000000000000000000000000000000000000000000004b",
          "ordinal": "32"
        },
        {
          "address": "$storageContract",
          "key": "c2575a0e9e593c00f959f8c92f12db2869c3395a3b0502d05e2516446f71f85d",
          "oldValue": "000000000000000000000000000000000000000000000000000000000000004b",
          "newValue": "0000000000000000000000000000000000000000000000000000000000000000",
          "ordinal": "33"
        },
        {
          "address": "$storageContract",
          "key": "0000000000000000000000000000000000000000000000000000000000000003",
          "oldValue": "0000000000000000000000000000000000000000000000000000000000000003",
          "newValue": "0000000000000000000000000000000000000000000000000000000000000002",
          "ordinal": "34"
        }
      ],
      "balanceChanges": [
        {
          "address": "821b55d8abe79bc98f05eb675fdc50dfe796b7ab",
          "reason": "REASON_GAS_BUY",
          "ordinal": "1",
          "oldValue": "8fe28911674000",
          "newValue": ""
        },
        {
          "address": "821b55d8abe79bc98f05eb675fdc50dfe796b7ab",
          "reason": "REASON_GAS_REFUND",
          "ordinal": "36",
          "oldValue": "",
          "newValue": "481f063e615c00"
        },
        {
          "address": "000000000000000000000000000000000000dead",
          "reason": "REASON_BURN",
          "ordinal": "37",
          "oldValue": "",
          "newValue": ""
        },
        {
          "address": "$coinbase",
          "reason": "REASON_REWARD_TRANSACTION_FEE",
          "ordinal": "38",
          "oldValue": "",
          "newValue": "01"
        }
      ],
      "nonceChanges": [
        {
          "address": "821b55d8abe79bc98f05eb675fdc50dfe796b7ab",
          "oldValue": "0",
          "newValue": "1",
          "ordinal": "3"
        }
      ],
      "logs": [],
      "codeChanges": [],
      "gasChanges": [
        {
          "oldValue": "900000",
          "newValue": "878936",
          "reason": "REASON_INTRINSIC_GAS",
          "ordinal": "2"
        },
        {
          "oldValue": "678007",
          "newValue": "677986",
          "reason": "REASON_CODE_COPY",
          "ordinal": "16"
        },
        {
          "oldValue": "655391",
          "newValue": "655376",
          "reason": "REASON_CODE_COPY",
          "ordinal": "18"
        },
        {
          "oldValue": "655254",
          "newValue": "655242",
          "reason": "REASON_CODE_COPY",
          "ordinal": "19"
        },
        {
          "oldValue": "565524",
          "newValue": "565503",
          "reason": "REASON_CODE_COPY",
          "ordinal": "24"
        }
      ],
      "statusFailed": false,
      "statusReverted": false,
      "failureReason": "",
      "stateReverted": false,
      "beginOrdinal": "0",
      "endOrdinal": "35",
      "accountCreations": []
    }
  ],
  "blobHashes": [],
  "gasPrice": "0a7a358200",
  "receipt": {
    "stateRoot": "",
    "cumulativeGasUsed": "$cumulativeGasUsed",
    "logsBloom": "$logsBloom",
    "logs": []
  }
}