{
  "to": "$gasContract",
  "nonce": "$nonce",
  "gasLimit": "900000",
  "input": "f1130f73000000000000000000000000$childContract000000000000000000000000$grandChildContract",
  "v": "",
  "r": "",
  "s": "",
  "gasUsed": "110757",
  "type": "TRX_TYPE_LEGACY",
  "accessList": [],
  "index": "$index",
  "hash": "$hash",
  "from": "821b55d8abe79bc98f05eb675fdc50dfe796b7ab",
  "returnData": "",
  "publicKey": "",
  "beginOrdinal": "0",
  "endOrdinal": "35",
  "status": "SUCCEEDED",
  "calls": [
    {
      "index": 1,
      "parentIndex": 0,
      "depth": 0,
      "callType": "CALL",
      "caller": "821b55d8abe79bc98f05eb675fdc50dfe796b7ab",
      "address": "$gasContract",
      "gasLimit": "878200",
      "gasConsumed": "88957",
      "returnData": "",
      "input": "f1130f73000000000000000000000000$childContract000000000000000000000000$grandChildContract",
      "executedCode": true,
      "suicide": false,
      "keccakPreimages": {},
      "storageChanges": [],
      "balanceChanges": [
        {
          "address": "821b55d8abe79bc98f05eb675fdc50dfe796b7ab",
          "reason": "REASON_GAS_REFUND",
          "ordinal": "32",
          "oldValue": "",
          "newValue": "7e2d8e018a7600"
        },
        {
          "address": "$coinbase",
          "reason": "REASON_REWARD_TRANSACTION_FEE",
          "ordinal": "34",
          "newValue": "01",
          "oldValue": ""
        }
      ],
      "nonceChanges": [
        {
          "address": "821b55d8abe79bc98f05eb675fdc50dfe796b7ab",
          "oldValue": "0",
          "newValue": "1",
          "ordinal": "3"
        }
      ],
      "logs": [],
      "codeChanges": [],
      "gasChanges": [
        {
          "oldValue": "0",
          "newValue": "900000",
          "reason": "REASON_TX_INITIAL_BALANCE",
          "ordinal": "1"
        },
        {
          "oldValue": "900000",
          "newValue": "878200",
          "reason": "REASON_INTRINSIC_GAS",
          "ordinal": "2"
        },
        {
          "oldValue": "0",
          "newValue": "878200",
          "reason": "REASON_CALL_INITIAL_BALANCE",
          "ordinal": "5"
        },
        {
          "oldValue": "877038",
          "newValue": "874538",
          "reason": "REASON_STATE_COLD_ACCESS",
          "ordinal": "6"
        },
        {
          "oldValue": "877138",
          "newValue": "13664",
          "reason": "REASON_CALL",
          "ordinal": "7"
        },
        {
          "oldValue": "13664",
          "newValue": "789332",
          "reason": "REASON_REFUND_AFTER_EXECUTION",
          "ordinal": "29"
        },
        {
          "oldValue": "789243",
          "newValue": "0",
          "reason": "REASON_CALL_LEFT_OVER_RETURNED",
          "ordinal": "30"
        },
        {
          "oldValue": "789243",
          "newValue": "0",
          "reason": "REASON_TX_LEFT_OVER_RETURNED",
          "ordinal": "33"
        }
      ],
      "statusFailed": false,
      "statusReverted": false,
      "failureReason": "",
      "stateReverted": false,
      "beginOrdinal": "4",
      "endOrdinal": "31",
      "accountCreations": []
    },
    {
      "index": 2,
      "parentIndex": 1,
      "depth": 1,
      "callType": "CALL",
      "caller": "$gasContract",
      "address": "$childContract",
      "gasLimit": "860874",
      "gasConsumed": "85206",
      "returnData": "",
      "input": "cc905682000000000000000000000000$grandChildContract00000000000000000000000000000000000000000000000000000000002625a000000000000000000000000000000000000000000000000000000000000d6514",
      "executedCode": true,
      "suicide": false,
      "keccakPreimages": {},
      "storageChanges": [
        {
          "address": "$childContract",
          "key": "0000000000000000000000000000000000000000000000000000000000000000",
          "oldValue": "00000000000000000000000000000000000000000000000000000000002625a0",
          "newValue": "00000000000000000000000000000000000000000000000000000000002625a0",
          "ordinal": "10"
        },
        {
          "address": "$childContract",
          "key": "0000000000000000000000000000000000000000000000000000000000000001",
          "oldValue": "00000000000000000000000000000000000000000000000000000000000d66ea",
          "newValue": "00000000000000000000000000000000000000000000000000000000000d6514",
          "ordinal": "11"
        },
        {
          "address": "$childContract",
          "key": "0000000000000000000000000000000000000000000000000000000000000002",
          "oldValue": "00000000000000000000000000000000000000000000000000000000000c7710",
          "newValue": "00000000000000000000000000000000000000000000000000000000000d0509",
          "ordinal": "12"
        }
      ],
      "balanceChanges": [],
      "nonceChanges": [],
      "logs": [
        {
          "address": "$childContract",
          "topics": [
            "5d6e09c3a2a72b85c9c8b4d91cae443f86bdc7bb8e2480ba2a3e7aa63f25e507"
          ],
          "data": "00000000000000000000000000000000000000000000000000000000000bdb3f000000000000000000000000$gasContract",
          "index": 1,
          "blockIndex": 1,
          "ordinal": "26"
        }
      ],
      "codeChanges": [],
      "gasChanges": [
        {
          "oldValue": "0",
          "newValue": "860874",
          "reason": "REASON_CALL_INITIAL_BALANCE",
          "ordinal": "9"
        },
        {
          "oldValue": "847526",
          "newValue": "845026",
          "reason": "REASON_STATE_COLD_ACCESS",
          "ordinal": "13"
        },
        {
          "oldValue": "847626",
          "newValue": "13203",
          "reason": "REASON_CALL",
          "ordinal": "14"
        },
        {
          "oldValue": "13203",
          "newValue": "777100",
          "reason": "REASON_REFUND_AFTER_EXECUTION",
          "ordinal": "24"
        },
        {
          "oldValue": "776949",
          "newValue": "775687",
          "reason": "REASON_EVENT_LOG",
          "ordinal": "25"
        },
        {
          "oldValue": "775668",
          "newValue": "0",
          "reason": "REASON_CALL_LEFT_OVER_RETURNED",
          "ordinal": "27"
        }
      ],
      "statusFailed": false,
      "statusReverted": false,
      "failureReason": "",
      "stateReverted": false,
      "beginOrdinal": "8",
      "endOrdinal": "28",
      "accountCreations": []
    },
    {
      "index": 3,
      "parentIndex": 2,
      "depth": 2,
      "callType": "CALL",
      "caller": "$childContract",
      "address": "$grandChildContract",
      "gasLimit": "831823",
      "gasConsumed": "67926",
      "returnData": "",
      "input": "a64b9faf000000000000000000000000000000000000000000000000000000000016e36000000000000000000000000000000000000000000000000000000000000cf157",
      "executedCode": true,
      "suicide": false,
      "keccakPreimages": {},
      "storageChanges": [
        {
          "address": "$grandChildContract",
          "key": "0000000000000000000000000000000000000000000000000000000000000000",
          "oldValue": "0000000000000000000000000000000000000000000000000000000000000000",
          "newValue": "000000000000000000000000000000000000000000000000000000000016e360",
          "ordinal": "17"
        },
        {
          "address": "$grandChildContract",
          "key": "0000000000000000000000000000000000000000000000000000000000000001",
          "oldValue": "0000000000000000000000000000000000000000000000000000000000000000",
          "newValue": "00000000000000000000000000000000000000000000000000000000000cf157",
          "ordinal": "18"
        },
        {
          "address": "$grandChildContract",
          "key": "0000000000000000000000000000000000000000000000000000000000000002",
          "oldValue": "0000000000000000000000000000000000000000000000000000000000000000",
          "newValue": "00000000000000000000000000000000000000000000000000000000000c03ab",
          "ordinal": "19"
        }
      ],
      "balanceChanges": [],
      "nonceChanges": [],
      "logs": [
        {
          "address": "$grandChildContract",
          "topics": [
            "5d6e09c3a2a72b85c9c8b4d91cae443f86bdc7bb8e2480ba2a3e7aa63f25e507"
          ],
          "data": "00000000000000000000000000000000000000000000000000000000000bad47000000000000000000000000$childContract",
          "index": 0,
          "blockIndex": 0,
          "ordinal": "21"
        }
      ],
      "codeChanges": [],
      "gasChanges": [
        {
          "oldValue": "0",
          "newValue": "831823",
          "reason": "REASON_CALL_INITIAL_BALANCE",
          "ordinal": "16"
        },
        {
          "oldValue": "765172",
          "newValue": "763910",
          "reason": "REASON_EVENT_LOG",
          "ordinal": "20"
        },
        {
          "oldValue": "763897",
          "newValue": "0",
          "reason": "REASON_CALL_LEFT_OVER_RETURNED",
          "ordinal": "22"
        }
      ],
      "statusFailed": false,
      "statusReverted": false,
      "failureReason": "",
      "stateReverted": false,
      "beginOrdinal": "15",
      "endOrdinal": "23",
      "accountCreations": []
    }
  ],
  "blobHashes": [],
  "gasPrice": "0a7a358200",
  "receipt": {
    "stateRoot": "",
    "cumulativeGasUsed": "$cumulativeGasUsed",
    "logsBloom": "$logsBloom",
    "logs": [
      {
        "address": "$grandChildContract",
        "topics": [
          "5d6e09c3a2a72b85c9c8b4d91cae443f86bdc7bb8e2480ba2a3e7aa63f25e507"
        ],
        "data": "00000000000000000000000000000000000000000000000000000000000bad47000000000000000000000000$childContract",
        "index": 0,
        "blockIndex": 0,
        "ordinal": "21"
      },
      {
        "address": "$childContract",
        "topics": [
          "5d6e09c3a2a72b85c9c8b4d91cae443f86bdc7bb8e2480ba2a3e7aa63f25e507"
        ],
        "data": "00000000000000000000000000000000000000000000000000000000000bdb3f000000000000000000000000$gasContract",
        "index": 1,
        "blockIndex": 1,
        "ordinal": "26"
      }
    ]
  }
}