{
  "to": "$callsContract",
  "nonce": "$nonce",
  "gasLimit": "900000",
  "input": "5cd7142d",
  "v": "",
  "r": "",
  "s": "",
  "gasUsed": "26528",
  "type": "TRX_TYPE_LEGACY",
  "accessList": [],
  "index": "$index",
  "hash": "$hash",
  "from": "821b55d8abe79bc98f05eb675fdc50dfe796b7ab",
  "returnData": "08c379a00000000000000000000000000000000000000000000000000000000000000020000000000000000000000000000000000000000000000000000000000000000d666f726365642072657665727400000000000000000000000000000000000000",
  "publicKey": "",
  "beginOrdinal": "0",
  "endOrdinal": "12",
  "status": "REVERTED",
  "calls": [
    {
      "index": 1,
      "parentIndex": 0,
      "depth": 0,
      "callType": "CALL",
      "caller": "821b55d8abe79bc98f05eb675fdc50dfe796b7ab",
      "address": "$callsContract",
      "gasLimit": "878936",
      "gasConsumed": "5464",
      "returnData": "08c379a00000000000000000000000000000000000000000000000000000000000000020000000000000000000000000000000000000000000000000000000000000000d666f726365642072657665727400000000000000000000000000000000000000",
      "input": "5cd7142d",
      "executedCode": true,
      "suicide": false,
      "keccakPreimages": {},
      "storageChanges": [
        {
          "address": "$callsContract",
          "key": "0000000000000000000000000000000000000000000000000000000000000003",
          "oldValue": "0000000000000000000000000000000000000000000000000000000000000001",
          "newValue": "0000000000000000000000000000000000000000000000000000000000000003",
          "ordinal": "6"
        }
      ],
      "balanceChanges": [
        {
          "address": "821b55d8abe79bc98f05eb675fdc50dfe796b7ab",
          "reason": "REASON_GAS_REFUND",
          "ordinal": "9",
          "oldValue": "",
          "newValue": "8ba4d128a80000"
        },
        {
          "address": "$coinbase",
          "reason": "REASON_REWARD_TRANSACTION_FEE",
          "ordinal": "11",
          "newValue": "01",
          "oldValue": ""
        }
      ],
      "nonceChanges": [
        {
          "address": "821b55d8abe79bc98f05eb675fdc50dfe796b7ab",
          "oldValue": "0",
          "newValue": "1",
          "ordinal": "3"
        }
      ],
      "logs": [],
      "codeChanges": [],
      "gasChanges": [
        {
          "oldValue": "0",
          "newValue": "900000",
          "reason": "REASON_TX_INITIAL_BALANCE",
          "ordinal": "1"
        },
        {
          "oldValue": "900000",
          "newValue": "878936",
          "reason": "REASON_INTRINSIC_GAS",
          "ordinal": "2"
        },
        {
          "oldValue": "0",
          "newValue": "878936",
          "reason": "REASON_CALL_INITIAL_BALANCE",
          "ordinal": "5"
        },
        {
          "oldValue": "873472",
          "newValue": "0",
          "reason": "REASON_CALL_LEFT_OVER_RETURNED",
          "ordinal": "7"
        },
        {
          "oldValue": "873472",
          "newValue": "0",
          "reason": "REASON_TX_LEFT_OVER_RETURNED",
          "ordinal": "10"
        }
      ],
      "statusFailed": true,
      "statusReverted": true,
      "failureReason": "execution reverted",
      "stateReverted": true,
      "beginOrdinal": "4",
      "endOrdinal": "8",
      "accountCreations": []
    }
  ],
  "blobHashes": [],
  "gasPrice": "0a7a358200",
  "receipt": {
    "stateRoot": "",
    "cumulativeGasUsed": "$cumulativeGasUsed",
    "logsBloom": "$logsBloom",
    "logs": []
  }
}