{
  "to": "$suicidal2Contract",
  "nonce": "$nonce",
  "gasLimit": "900000",
  "input": "41c0e1b5",
  "v": "",
  "r": "",
  "s": "",
  "gasUsed": "28484",
  "type": "TRX_TYPE_LEGACY",
  "accessList": [],
  "index": "$index",
  "hash": "$hash",
  "from": "821b55d8abe79bc98f05eb675fdc50dfe796b7ab",
  "returnData": "",
  "publicKey": "",
  "beginOrdinal": "0",
  "endOrdinal": "15",
  "status": "SUCCEEDED",
  "calls": [
    {
      "index": 1,
      "parentIndex": 0,
      "depth": 0,
      "callType": "CALL",
      "caller": "821b55d8abe79bc98f05eb675fdc50dfe796b7ab",
      "address": "$suicidal2Contract",
      "gasLimit": "878936",
      "gasConsumed": "7420",
      "returnData": "",
      "input": "41c0e1b5",
      "executedCode": true,
      "suicide": true,
      "keccakPreimages": {},
      "storageChanges": [],
      "balanceChanges": [
        {
          "address": "821b55d8abe79bc98f05eb675fdc50dfe796b7ab",
          "reason": "REASON_GAS_BUY",
          "ordinal": "2",
          "oldValue": "8fe28911674000",
          "newValue": ""
        },
        {
          "address": "$suicidal2Contract",
          "reason": "REASON_SUICIDE_WITHDRAW",
          "ordinal": "8",
          "oldValue": "01",
          "newValue": ""
        },
        {
          "address": "821b55d8abe79bc98f05eb675fdc50dfe796b7ab",
          "reason": "REASON_SUICIDE_REFUND",
          "ordinal": "9",
          "oldValue": "",
          "newValue": "01"
        },
        {
          "address": "821b55d8abe79bc98f05eb675fdc50dfe796b7ab",
          "reason": "REASON_GAS_REFUND",
          "ordinal": "12",
          "oldValue": "",
          "newValue": "8b54c367d2b800"
        },
        {
          "address": "0000000000000000000000000000000000000000",
          "reason": "REASON_REWARD_TRANSACTION_FEE",
          "ordinal": "14",
          "oldValue": "",
          "newValue": "01"
        }
      ],
      "nonceChanges": [
        {
          "address": "821b55d8abe79bc98f05eb675fdc50dfe796b7ab",
          "oldValue": "0",
          "newValue": "1",
          "ordinal": "4"
        }
      ],
      "logs": [],
      "codeChanges": [],
      "gasChanges": [
        {
          "oldValue": "0",
          "newValue": "900000",
          "reason": "REASON_TX_INITIAL_BALANCE",
          "ordinal": "1"
        },
        {
          "oldValue": "900000",
          "newValue": "878936",
          "reason": "REASON_INTRINSIC_GAS",
          "ordinal": "3"
        },
        {
          "oldValue": "0",
          "newValue": "878936",
          "reason": "REASON_CALL_INITIAL_BALANCE",
          "ordinal": "6"
        },
        {
          "oldValue": "876516",
          "newValue": "871516",
          "reason": "REASON_SELF_DESTRUCT",
          "ordinal": "7"
        },
        {
          "oldValue": "871516",
          "newValue": "0",
          "reason": "REASON_CALL_LEFT_OVER_RETURNED",
          "ordinal": "10"
        },
        {
          "oldValue": "871516",
          "newValue": "0",
          "reason": "REASON_TX_LEFT_OVER_RETURNED",
          "ordinal": "13"
        }
      ],
      "statusFailed": false,
      "statusReverted": false,
      "failureReason": "",
      "stateReverted": false,
      "beginOrdinal": "5",
      "endOrdinal": "11",
      "accountCreations": []
    }
  ],
  "blobHashes": [],
  "gasPrice": "0a7a358200",
  "receipt": {
    "stateRoot": "",
    "cumulativeGasUsed": "$cumulativeGasUsed",
    "logsBloom": "$logsBloom",
    "logs": []
  }
}