{
  "to": "$logsContract",
  "nonce": "$nonce",
  "gasLimit": "900000",
  "input": "e680f12a",
  "v": "",
  "r": "",
  "s": "",
  "gasUsed": "32099",
  "type": "TRX_TYPE_LEGACY",
  "accessList": [],
  "index": "$index",
  "hash": "$hash",
  "from": "821b55d8abe79bc98f05eb675fdc50dfe796b7ab",
  "returnData": "",
  "publicKey": "",
  "beginOrdinal": "0",
  "endOrdinal": "22",
  "status": "SUCCEEDED",
  "calls": [
    {
      "index": 1,
      "parentIndex": 0,
      "depth": 0,
      "callType": "CALL",
      "caller": "821b55d8abe79bc98f05eb675fdc50dfe796b7ab",
      "address": "$logsContract",
      "gasLimit": "878936",
      "gasConsumed": "11035",
      "returnData": "",
      "input": "e680f12a",
      "executedCode": true,
      "suicide": false,
      "keccakPreimages": {
        "484d99d4f90c3b7468b30e1cdca4cfafa8105f0aa4e30f4833ba73026107e446": "7061796c6f616420617320737472696e67",
        "9142698e5460b8c074c68329ffa32548cde664fde861deb499b3ed8741c498ef": "e680f12a"
      },
      "storageChanges": [],
      "balanceChanges": [
        {
          "address": "821b55d8abe79bc98f05eb675fdc50dfe796b7ab",
          "reason": "REASON_GAS_BUY",
          "ordinal": "1",
          "oldValue": "8fe28911674000",
          "newValue": ""
        },
        {
          "address": "821b55d8abe79bc98f05eb675fdc50dfe796b7ab",
          "reason": "REASON_GAS_REFUND",
          "ordinal": "20",
          "oldValue": "",
          "newValue": "8ac0cfae3bfa00"
        },
        {
          "address": "0000000000000000000000000000000000000000",
          "reason": "REASON_REWARD_TRANSACTION_FEE",
          "ordinal": "21",
          "oldValue": "",
          "newValue": "01"
        }
      ],
      "nonceChanges": [
        {
          "address": "821b55d8abe79bc98f05eb675fdc50dfe796b7ab",
          "oldValue": "0",
          "newValue": "1",
          "ordinal": "3"
        }
      ],
      "logs": [
        {
          "address": "$logsContract",
          "topics": [
            "74553c48cf37a505c27f142136fa4d23974e7cb811798abeeeae2aa12dd2f5c0"
          ],
          "data": "",
          "index": 0,
          "blockIndex": 0,
          "ordinal": "6"
        },
        {
          "address": "$logsContract",
          "topics": [
            "ee1f98d9e75aab883e85bdf476385dabf4b007f1ea6e0ddd4ca5f80f68f1308d",
            "484d99d4f90c3b7468b30e1cdca4cfafa8105f0aa4e30f4833ba73026107e446"
          ],
          "data": "0000000000000000000000000000000000000000000000000000000000000020000000000000000000000000000000000000000000000000000000000000004c7265616c6c79206c6f6e6720737472696e67206c6172676572207468616e20333220627974657320746f2074657374206f757420736f6c69646974792073706c697474696e672073747566660000000000000000000000000000000000000000",
          "index": 1,
          "blockIndex": 1,
          "ordinal": "9"
        },
        {
          "address": "$logsContract",
          "topics": [
            "d41b36b76d8b32ab74deba2ef94d5017b230225c5a1b46122d43c27230652613"
          ],
          "data": "00000000000000000000000000000000000000000000000000000000000000a000000000000000000000000000000000000000000000000000000000000d5b5b000000000000000000000000821b55d8abe79bc98f05eb675fdc50dfe796b7abe680f12a0000000000000000000000000000000000000000000000000000000000000000000000000000000000000000000000000000000000000000000000000000000000000000000000000000000000000000000000000000000000000004e680f12a00000000000000000000000000000000000000000000000000000000",
          "index": 2,
          "blockIndex": 2,
          "ordinal": "12"
        },
        {
          "address": "$logsContract",
          "topics": [
            "f61dd7fbbfc9a40514b6d982b860aa3a2783d6f1751c369597d5b15100f3c094",
            "9142698e5460b8c074c68329ffa32548cde664fde861deb499b3ed8741c498ef",
            "00000000000000000000000000000000000000000000000000000000000d5055",
            "000000000000000000000000821b55d8abe79bc98f05eb675fdc50dfe796b7ab"
          ],
          "data": "",
          "index": 3,
          "blockIndex": 3,
          "ordinal": "15"
        },
        {
          "address": "$logsContract",
          "topics": [
            "8a288842f19d759fdab341d45d095cb1cdb4fff06a75cb8838b0ed69b0a281e7",
            "9142698e5460b8c074c68329ffa32548cde664fde861deb499b3ed8741c498ef",
            "00000000000000000000000000000000000000000000000000000000000d4869",
            "000000000000000000000000821b55d8abe79bc98f05eb675fdc50dfe796b7ab"
          ],
          "data": "e680f12a000000000000000000000000000000000000000000000000000000000000000000000000000000000000000000000000000000000000000000000000",
          "index": 4,
          "blockIndex": 4,
          "ordinal": "18"
        }
      ],
      "codeChanges": [],
      "gasChanges": [
        {
          "oldValue": "900000",
          "newValue": "878936",
          "reason": "REASON_INTRINSIC_GAS",
          "ordinal": "2"
        },
        {
          "oldValue": "878732",
          "newValue": "877982",
          "reason": "REASON_EVENT_LOG",
          "ordinal": "5"
        },
        {
          "oldValue": "877822",
          "newValue": "877801",
          "reason": "REASON_CODE_COPY",
          "ordinal": "7"
        },
        {
          "oldValue": "877770",
          "newValue": "875365",
          "reason": "REASON_EVENT_LOG",
          "ordinal": "8"
        },
        {
          "oldValue": "875190",
          "newValue": "875181",
          "reason": "REASON_CALL_DATA_COPY",
          "ordinal": "10"
        },
        {
          "oldValue": "875085",
          "newValue": "872543",
          "reason": "REASON_EVENT_LOG",
          "ordinal": "11"
        },
        {
          "oldValue": "872504",
          "newValue": "872498",
          "reason": "REASON_CALL_DATA_COPY",
          "ordinal": "13"
        },
        {
          "oldValue": "872390",
          "newValue": "870515",
          "reason": "REASON_EVENT_LOG",
          "ordinal": "14"
        },
        {
          "oldValue": "870476",
          "newValue": "870470",
          "reason": "REASON_CALL_DATA_COPY",
          "ordinal": "16"
        },
        {
          "oldValue": "870297",
          "newValue": "867910",
          "reason": "REASON_EVENT_LOG",
          "ordinal": "17"
        }
      ],
      "statusFailed": false,
      "statusReverted": false,
      "failureReason": "",
      "stateReverted": false,
      "beginOrdinal": "0",
      "endOrdinal": "19",
      "accountCreations": []
    }
  ],
  "blobHashes": [],
  "gasPrice": "0a7a358200",
  "receipt": {
    "stateRoot": "",
    "cumulativeGasUsed": "$cumulativeGasUsed",
    "logsBloom": "$logsBloom",
    "logs": [
      {
        "address": "$logsContract",
        "topics": [
          "74553c48cf37a505c27f142136fa4d23974e7cb811798abeeeae2aa12dd2f5c0"
        ],
        "data": "",
        "index": 0,
        "blockIndex": 0,
        "ordinal": "6"
      },
      {
        "address": "$logsContract",
        "topics": [
          "ee1f98d9e75aab883e85bdf476385dabf4b007f1ea6e0ddd4ca5f80f68f1308d",
          "484d99d4f90c3b7468b30e1cdca4cfafa8105f0aa4e30f4833ba73026107e446"
        ],
        "data": "0000000000000000000000000000000000000000000000000000000000000020000000000000000000000000000000000000000000000000000000000000004c7265616c6c79206c6f6e6720737472696e67206c6172676572207468616e20333220627974657320746f2074657374206f757420736f6c69646974792073706c697474696e672073747566660000000000000000000000000000000000000000",
        "index": 1,
        "blockIndex": 1,
        "ordinal": "9"
      },
      {
        "address": "$logsContract",
        "topics": [
          "d41b36b76d8b32ab74deba2ef94d5017b230225c5a1b46122d43c27230652613"
        ],
        "data": "00000000000000000000000000000000000000000000000000000000000000a000000000000000000000000000000000000000000000000000000000000d5b5b000000000000000000000000821b55d8abe79bc98f05eb675fdc50dfe796b7abe680f12a0000000000000000000000000000000000000000000000000000000000000000000000000000000000000000000000000000000000000000000000000000000000000000000000000000000000000000000000000000000000000004e680f12a00000000000000000000000000000000000000000000000000000000",
        "index": 2,
        "blockIndex": 2,
        "ordinal": "12"
      },
      {
        "address": "$logsContract",
        "topics": [
          "f61dd7fbbfc9a40514b6d982b860aa3a2783d6f1751c369597d5b15100f3c094",
          "9142698e5460b8c074c68329ffa32548cde664fde861deb499b3ed8741c498ef",
          "00000000000000000000000000000000000000000000000000000000000d5055",
          "000000000000000000000000821b55d8abe79bc98f05eb675fdc50dfe796b7ab"
        ],
        "data": "",
        "index": 3,
        "blockIndex": 3,
        "ordinal": "15"
      },
      {
        "address": "$logsContract",
        "topics": [
          "8a288842f19d759fdab341d45d095cb1cdb4fff06a75cb8838b0ed69b0a281e7",
          "9142698e5460b8c074c68329ffa32548cde664fde861deb499b3ed8741c498ef",
          "00000000000000000000000000000000000000000000000000000000000d4869",
          "000000000000000000000000821b55d8abe79bc98f05eb675fdc50dfe796b7ab"
        ],
        "data": "e680f12a000000000000000000000000000000000000000000000000000000000000000000000000000000000000000000000000000000000000000000000000",
        "index": 4,
        "blockIndex": 4,
        "ordinal": "18"
      }
    ]
  }
}