{
  "to": "$contract",
  "nonce": "$nonce",
  "gasLimit": "900000",
  "input": "a55d0e8e000000000000000000000000d549d2fd4b177767b84ab2fd17423cee1cf1d7bd",
  "v": "",
  "r": "",
  "s": "",
  "gasUsed": "31023",
  "type": "TRX_TYPE_LEGACY",
  "accessList": [],
  "index": "$index",
  "hash": "$hash",
  "from": "821b55d8abe79bc98f05eb675fdc50dfe796b7ab",
  "returnData": "",
  "publicKey": "",
  "beginOrdinal": "0",
  "endOrdinal": "21",
  "status": "SUCCEEDED",
  "calls": [
    {
      "index": 1,
      "parentIndex": 0,
      "depth": 0,
      "callType": "CALL",
      "caller": "821b55d8abe79bc98f05eb675fdc50dfe796b7ab",
      "address": "$contract",
      "gasLimit": "878568",
      "gasConsumed": "9591",
      "returnData": "",
      "input": "a55d0e8e000000000000000000000000d549d2fd4b177767b84ab2fd17423cee1cf1d7bd",
      "executedCode": true,
      "suicide": false,
      "keccakPreimages": {},
      "storageChanges": [],
      "balanceChanges": [
        {
          "address": "821b55d8abe79bc98f05eb675fdc50dfe796b7ab",
          "reason": "REASON_GAS_BUY",
          "ordinal": "1",
          "oldValue": "8fe28911674000",
          "newValue": ""
        },
        {
          "address": "821b55d8abe79bc98f05eb675fdc50dfe796b7ab",
          "reason": "REASON_TRANSFER",
          "ordinal": "5",
          "oldValue": "01",
          "newValue": ""
        },
        {
          "address": "$contract",
          "reason": "REASON_TRANSFER",
          "ordinal": "6",
          "newValue": "01",
          "oldValue": ""
        },
        {
          "address": "821b55d8abe79bc98f05eb675fdc50dfe796b7ab",
          "reason": "REASON_GAS_REFUND",
          "ordinal": "17",
          "oldValue": "",
          "newValue": "8aecd957226200"
        },
        {
          "address": "000000000000000000000000000000000000dead",
          "reason": "REASON_BURN",
          "ordinal": "18",
          "oldValue": "",
          "newValue": "10ebabfd4b"
        },
        {
          "address": "$coinbase",
          "reason": "REASON_REWARD_TRANSACTION_FEE",
          "ordinal": "19",
          "oldValue": "",
          "newValue": "01"
        }
      ],
      "nonceChanges": [
        {
          "address": "821b55d8abe79bc98f05eb675fdc50dfe796b7ab",
          "oldValue": "0",
          "newValue": "1",
          "ordinal": "3"
        }
      ],
      "logs": [
        {
          "address": "0000000000000000000000000000000000001010",
          "topics": [
            "e6497e3ee548a3372136af2fcb0696db31fc6cf20260707645068bd3fe97f3c4",
            "0000000000000000000000000000000000000000000000000000000000001010",
            "000000000000000000000000821b55d8abe79bc98f05eb675fdc50dfe796b7ab",
            "000000000000000000000000$contract"
          ],
          "data": "000000000000000000000000000000000000000000000000000000000000000100000000000000000000000000000000000000000000d3c212b13969fb3936a3000000000000000000000000000000000000000000000000000000000000000000000000000000000000000000000000000000000000d3c212b13969fb3936a20000000000000000000000000000000000000000000000000000000000000001",
          "index": 0,
          "blockIndex": 0,
          "ordinal": "7"
        },
        {
          "address": "0000000000000000000000000000000000001010",
          "topics": [
            "4dfe1bbbcf077ddc3e01291eea2d5c70c2b422b415d95645b9adcfd678cb1d63",
            "0000000000000000000000000000000000000000000000000000000000001010",
            "000000000000000000000000821b55d8abe79bc98f05eb675fdc50dfe796b7ab",
            "0000000000000000000000004196a1a1e21a53e1baa3a0a5a2a1203571b250cd"
          ],
          "data": "0000000000000000000000000000000000000000000000000004f59ece98e0b500000000000000000000000000000000000000000000d3c213411bf30ca076a30000000000000000000000000000000000000000033a5a7a8c8e0da748d871f200000000000000000000000000000000000000000000d3c2133c26543e0795ee0000000000000000000000000000000000000000033a5a7a8c930346177152a7",
          "index": 2,
          "blockIndex": 2,
          "ordinal": "20"
        }
      ],
      "codeChanges": [],
      "gasChanges": [
        {
          "oldValue": "900000",
          "newValue": "878568",
          "reason": "REASON_INTRINSIC_GAS",
          "ordinal": "2"
        },
        {
          "oldValue": "878224",
          "newValue": "875724",
          "reason": "REASON_STATE_COLD_ACCESS",
          "ordinal": "8"
        },
        {
          "oldValue": "878324",
          "newValue": "866724",
          "reason": "REASON_CALL",
          "ordinal": "9"
        },
        {
          "oldValue": "866724",
          "newValue": "869024",
          "reason": "REASON_REFUND_AFTER_EXECUTION",
          "ordinal": "15"
        }
      ],
      "statusFailed": false,
      "statusReverted": false,
      "failureReason": "",
      "stateReverted": false,
      "beginOrdinal": "0",
      "endOrdinal": "16",
      "accountCreations": [],
      "value": "01"
    },
    {
      "index": 2,
      "parentIndex": 1,
      "depth": 1,
      "callType": "CALL",
      "caller": "$contract",
      "address": "d549d2fd4b177767b84ab2fd17423cee1cf1d7bd",
      "gasLimit": "2300",
      "gasConsumed": "0",
      "returnData": "",
      "input": "",
      "executedCode": false,
      "suicide": false,
      "keccakPreimages": {},
      "storageChanges": [],
      "balanceChanges": [
        {
          "address": "$contract",
          "reason": "REASON_TRANSFER",
          "ordinal": "11",
          "oldValue": "01",
          "newValue": ""
        },
        {
          "address": "d549d2fd4b177767b84ab2fd17423cee1cf1d7bd",
          "reason": "REASON_TRANSFER",
          "ordinal": "12",
          "oldValue": "",
          "newValue": "01"
        }
      ],
      "nonceChanges": [],
      "logs": [
        {
          "address": "0000000000000000000000000000000000001010",
          "topics": [
            "e6497e3ee548a3372136af2fcb0696db31fc6cf20260707645068bd3fe97f3c4",
            "0000000000000000000000000000000000000000000000000000000000001010",
            "000000000000000000000000$contract",
            "000000000000000000000000d549d2fd4b177767b84ab2fd17423cee1cf1d7bd"
          ],
          "data": "00000000000000000000000000000000000000000000000000000000000000010000000000000000000000000000000000000000000000000000000000000001000000000000000000000000000000000000000000000000000000000000000400000000000000000000000000000000000000000000000000000000000000000000000000000000000000000000000000000000000000000000000000000005",
          "index": 1,
          "blockIndex": 1,
          "ordinal": "13"
        }
      ],
      "codeChanges": [],
      "gasChanges": [],
      "statusFailed": false,
      "statusReverted": false,
      "failureReason": "",
      "stateReverted": false,
      "beginOrdinal": "10",
      "endOrdinal": "14",
      "accountCreations": [],
      "value": "01"
    }
  ],
  "blobHashes": [],
  "gasPrice": "0a7a358200",
  "value": "01",
  "receipt": {
    "stateRoot": "",
    "cumulativeGasUsed": "$cumulativeGasUsed",
    "logsBloom": "$logsBloom",
    "logs": [
      {
        "address": "0000000000000000000000000000000000001010",
        "topics": [
          "e6497e3ee548a3372136af2fcb0696db31fc6cf20260707645068bd3fe97f3c4",
          "0000000000000000000000000000000000000000000000000000000000001010",
          "000000000000000000000000821b55d8abe79bc98f05eb675fdc50dfe796b7ab",
          "000000000000000000000000$contract"
        ],
        "data": "000000000000000000000000000000000000000000000000000000000000000100000000000000000000000000000000000000000000d3c212b13969fb3936a3000000000000000000000000000000000000000000000000000000000000000000000000000000000000000000000000000000000000d3c212b13969fb3936a20000000000000000000000000000000000000000000000000000000000000001",
        "index": 0,
        "blockIndex": 0,
        "ordinal": "7"
      },
      {
        "address": "0000000000000000000000000000000000001010",
        "topics": [
          "e6497e3ee548a3372136af2fcb0696db31fc6cf20260707645068bd3fe97f3c4",
          "0000000000000000000000000000000000000000000000000000000000001010",
          "000000000000000000000000$contract",
          "000000000000000000000000d549d2fd4b177767b84ab2fd17423cee1cf1d7bd"
        ],
        "data": "00000000000000000000000000000000000000000000000000000000000000010000000000000000000000000000000000000000000000000000000000000001000000000000000000000000000000000000000000000000000000000000000400000000000000000000000000000000000000000000000000000000000000000000000000000000000000000000000000000000000000000000000000000005",
        "index": 1,
        "blockIndex": 1,
        "ordinal": "13"
      },
      {
        "address": "0000000000000000000000000000000000001010",
        "topics": [
          "4dfe1bbbcf077ddc3e01291eea2d5c70c2b422b415d95645b9adcfd678cb1d63",
          "0000000000000000000000000000000000000000000000000000000000001010",
          "000000000000000000000000821b55d8abe79bc98f05eb675fdc50dfe796b7ab",
          "0000000000000000000000004196a1a1e21a53e1baa3a0a5a2a1203571b250cd"
        ],
        "data": "0000000000000000000000000000000000000000000000000004f59ece98e0b500000000000000000000000000000000000000000000d3c213411bf30ca076a30000000000000000000000000000000000000000033a5a7a8c8e0da748d871f200000000000000000000000000000000000000000000d3c2133c26543e0795ee0000000000000000000000000000000000000000033a5a7a8c930346177152a7",
        "index": 2,
        "blockIndex": 2,
        "ordinal": "20"
      }
    ]
  }
}