{
  "to": "$contract",
  "nonce": "$nonce",
  "gasLimit": "900000",
  "input": "fd1d6ab5000000000000000000000000$childContract000000000000000000000000$randomAddress4",
  "v": "",
  "r": "",
  "s": "",
  "gasUsed": "66586",
  "type": "TRX_TYPE_LEGACY",
  "accessList": [],
  "index": "$index",
  "hash": "$hash",
  "from": "821b55d8abe79bc98f05eb675fdc50dfe796b7ab",
  "returnData": "",
  "publicKey": "",
  "beginOrdinal": "0",
  "endOrdinal": "30",
  "status": "SUCCEEDED",
  "calls": [
    {
      "index": 1,
      "parentIndex": 0,
      "depth": 0,
      "callType": "CALL",
      "caller": "821b55d8abe79bc98f05eb675fdc50dfe796b7ab",
      "address": "$contract",
      "gasLimit": "878212",
      "gasConsumed": "44798",
      "returnData": "",
      "input": "fd1d6ab5000000000000000000000000$childContract000000000000000000000000$randomAddress4",
      "executedCode": true,
      "suicide": false,
      "keccakPreimages": {},
      "storageChanges": [],
      "balanceChanges": [
        {
          "address": "821b55d8abe79bc98f05eb675fdc50dfe796b7ab",
          "reason": "REASON_GAS_BUY",
          "ordinal": "1",
          "oldValue": "8fe28911674000",
          "newValue": ""
        },
        {
          "address": "821b55d8abe79bc98f05eb675fdc50dfe796b7ab",
          "reason": "REASON_TRANSFER",
          "ordinal": "5",
          "oldValue": "01",
          "newValue": ""
        },
        {
          "address": "$contract",
          "reason": "REASON_TRANSFER",
          "ordinal": "6",
          "newValue": "01",
          "oldValue": ""
        },
        {
          "address": "821b55d8abe79bc98f05eb675fdc50dfe796b7ab",
          "reason": "REASON_GAS_REFUND",
          "ordinal": "26",
          "oldValue": "",
          "newValue": "853d5a4ff00c00"
        },
        {
          "address": "000000000000000000000000000000000000dead",
          "reason": "REASON_BURN",
          "ordinal": "27",
          "oldValue": "",
          "newValue": "15b5f5d83a"
        },
        {
          "address": "$coinbase",
          "reason": "REASON_REWARD_TRANSACTION_FEE",
          "ordinal": "28",
          "oldValue": "",
          "newValue": "01"
        }
      ],
      "nonceChanges": [
        {
          "address": "821b55d8abe79bc98f05eb675fdc50dfe796b7ab",
          "oldValue": "0",
          "newValue": "1",
          "ordinal": "3"
        }
      ],
      "logs": [
        {
          "address": "0000000000000000000000000000000000001010",
          "topics": [
            "e6497e3ee548a3372136af2fcb0696db31fc6cf20260707645068bd3fe97f3c4",
            "0000000000000000000000000000000000000000000000000000000000001010",
            "000000000000000000000000821b55d8abe79bc98f05eb675fdc50dfe796b7ab",
            "000000000000000000000000$contract"
          ],
          "data": "000000000000000000000000000000000000000000000000000000000000000100000000000000000000000000000000000000000000d3c21299212f3e2bc6a0000000000000000000000000000000000000000000000000000000000000000000000000000000000000000000000000000000000000d3c21299212f3e2bc69f0000000000000000000000000000000000000000000000000000000000000001",
          "index": 0,
          "blockIndex": 0,
          "ordinal": "7"
        },
        {
          "address": "0000000000000000000000000000000000001010",
          "topics": [
            "4dfe1bbbcf077ddc3e01291eea2d5c70c2b422b415d95645b9adcfd678cb1d63",
            "0000000000000000000000000000000000000000000000000000000000001010",
            "000000000000000000000000821b55d8abe79bc98f05eb675fdc50dfe796b7ab",
            "0000000000000000000000004196a1a1e21a53e1baa3a0a5a2a1203571b250cd"
          ],
          "data": "000000000000000000000000000000000000000000000000000aa5190b815bc600000000000000000000000000000000000000000000d3c2132903b84f9306a00000000000000000000000000000000000000000033a5a7a8ca6259f79c1d77100000000000000000000000000000000000000000000d3c2131e5e9f4411aada0000000000000000000000000000000000000000033a5a7a8cb0cab885433337",
          "index": 3,
          "blockIndex": 3,
          "ordinal": "29"
        }
      ],
      "codeChanges": [],
      "gasChanges": [
        {
          "oldValue": "900000",
          "newValue": "878212",
          "reason": "REASON_INTRINSIC_GAS",
          "ordinal": "2"
        },
        {
          "oldValue": "877358",
          "newValue": "874858",
          "reason": "REASON_STATE_COLD_ACCESS",
          "ordinal": "8"
        },
        {
          "oldValue": "877458",
          "newValue": "13529",
          "reason": "REASON_CALL",
          "ordinal": "9"
        },
        {
          "oldValue": "13529",
          "newValue": "833501",
          "reason": "REASON_REFUND_AFTER_EXECUTION",
          "ordinal": "24"
        }
      ],
      "statusFailed": false,
      "statusReverted": false,
      "failureReason": "",
      "stateReverted": false,
      "beginOrdinal": "0",
      "endOrdinal": "25",
      "accountCreations": [],
      "value": "01"
    },
    {
      "index": 2,
      "parentIndex": 1,
      "depth": 1,
      "callType": "CALL",
      "caller": "$contract",
      "address": "$childContract",
      "gasLimit": "854629",
      "gasConsumed": "34657",
      "returnData": "",
      "input": "a55d0e8e000000000000000000000000$randomAddress4",
      "executedCode": true,
      "suicide": false,
      "keccakPreimages": {},
      "storageChanges": [],
      "balanceChanges": [
        {
          "address": "$contract",
          "reason": "REASON_TRANSFER",
          "ordinal": "11",
          "oldValue": "01",
          "newValue": ""
        },
        {
          "address": "$childContract",
          "reason": "REASON_TRANSFER",
          "ordinal": "12",
          "newValue": "01",
          "oldValue": ""
        }
      ],
      "nonceChanges": [],
      "logs": [
        {
          "address": "0000000000000000000000000000000000001010",
          "topics": [
            "e6497e3ee548a3372136af2fcb0696db31fc6cf20260707645068bd3fe97f3c4",
            "0000000000000000000000000000000000000000000000000000000000001010",
            "000000000000000000000000$contract",
            "000000000000000000000000$childContract"
          ],
          "data": "00000000000000000000000000000000000000000000000000000000000000010000000000000000000000000000000000000000000000000000000000000001000000000000000000000000000000000000000000000000000000000000000000000000000000000000000000000000000000000000000000000000000000000000000000000000000000000000000000000000000000000000000000000001",
          "index": 1,
          "blockIndex": 1,
          "ordinal": "13"
        }
      ],
      "codeChanges": [],
      "gasChanges": [
        {
          "oldValue": "854219",
          "newValue": "851719",
          "reason": "REASON_STATE_COLD_ACCESS",
          "ordinal": "14"
        },
        {
          "oldValue": "854319",
          "newValue": "817719",
          "reason": "REASON_CALL",
          "ordinal": "15"
        },
        {
          "oldValue": "817719",
          "newValue": "820019",
          "reason": "REASON_REFUND_AFTER_EXECUTION",
          "ordinal": "22"
        }
      ],
      "statusFailed": false,
      "statusReverted": false,
      "failureReason": "",
      "stateReverted": false,
      "beginOrdinal": "10",
      "endOrdinal": "23",
      "accountCreations": [],
      "value": "01"
    },
    {
      "index": 3,
      "parentIndex": 2,
      "depth": 2,
      "callType": "CALL",
      "caller": "$childContract",
      "address": "$randomAddress4",
      "gasLimit": "2300",
      "gasConsumed": "0",
      "returnData": "",
      "input": "",
      "executedCode": false,
      "suicide": false,
      "keccakPreimages": {},
      "storageChanges": [],
      "balanceChanges": [
        {
          "address": "$childContract",
          "reason": "REASON_TRANSFER",
          "ordinal": "18",
          "oldValue": "01",
          "newValue": ""
        },
        {
          "address": "$randomAddress4",
          "reason": "REASON_TRANSFER",
          "ordinal": "19",
          "newValue": "01",
          "oldValue": ""
        }
      ],
      "nonceChanges": [],
      "logs": [
        {
          "address": "0000000000000000000000000000000000001010",
          "topics": [
            "e6497e3ee548a3372136af2fcb0696db31fc6cf20260707645068bd3fe97f3c4",
            "0000000000000000000000000000000000000000000000000000000000001010",
            "000000000000000000000000$childContract",
            "000000000000000000000000$randomAddress4"
          ],
          "data": "00000000000000000000000000000000000000000000000000000000000000010000000000000000000000000000000000000000000000000000000000000001000000000000000000000000000000000000000000000000000000000000000000000000000000000000000000000000000000000000000000000000000000000000000000000000000000000000000000000000000000000000000000000001",
          "index": 2,
          "blockIndex": 2,
          "ordinal": "20"
        }
      ],
      "codeChanges": [],
      "gasChanges": [],
      "statusFailed": false,
      "statusReverted": false,
      "failureReason": "",
      "stateReverted": false,
      "beginOrdinal": "16",
      "endOrdinal": "21",
      "accountCreations": [
        {
          "account": "$randomAddress4",
          "ordinal": "17"
        }
      ],
      "value": "01"
    }
  ],
  "blobHashes": [],
  "gasPrice": "0a7a358200",
  "value": "01",
  "receipt": {
    "stateRoot": "",
    "cumulativeGasUsed": "$cumulativeGasUsed",
    "logsBloom": "$logsBloom",
    "logs": [
      {
        "address": "0000000000000000000000000000000000001010",
        "topics": [
          "e6497e3ee548a3372136af2fcb0696db31fc6cf20260707645068bd3fe97f3c4",
          "0000000000000000000000000000000000000000000000000000000000001010",
          "000000000000000000000000821b55d8abe79bc98f05eb675fdc50dfe796b7ab",
          "000000000000000000000000$contract"
        ],
        "data": "000000000000000000000000000000000000000000000000000000000000000100000000000000000000000000000000000000000000d3c21299212f3e2bc6a0000000000000000000000000000000000000000000000000000000000000000000000000000000000000000000000000000000000000d3c21299212f3e2bc69f0000000000000000000000000000000000000000000000000000000000000001",
        "index": 0,
        "blockIndex": 0,
        "ordinal": "7"
      },
      {
        "address": "0000000000000000000000000000000000001010",
        "topics": [
          "e6497e3ee548a3372136af2fcb0696db31fc6cf20260707645068bd3fe97f3c4",
          "0000000000000000000000000000000000000000000000000000000000001010",
          "000000000000000000000000$contract",
          "000000000000000000000000$childContract"
        ],
        "data": "00000000000000000000000000000000000000000000000000000000000000010000000000000000000000000000000000000000000000000000000000000001000000000000000000000000000000000000000000000000000000000000000000000000000000000000000000000000000000000000000000000000000000000000000000000000000000000000000000000000000000000000000000000001",
        "index": 1,
        "blockIndex": 1,
        "ordinal": "13"
      },
      {
        "address": "0000000000000000000000000000000000001010",
        "topics": [
          "e6497e3ee548a3372136af2fcb0696db31fc6cf20260707645068bd3fe97f3c4",
          "0000000000000000000000000000000000000000000000000000000000001010",
          "000000000000000000000000$childContract",
          "000000000000000000000000$randomAddress4"
        ],
        "data": "00000000000000000000000000000000000000000000000000000000000000010000000000000000000000000000000000000000000000000000000000000001000000000000000000000000000000000000000000000000000000000000000000000000000000000000000000000000000000000000000000000000000000000000000000000000000000000000000000000000000000000000000000000001",
        "index": 2,
        "blockIndex": 2,
        "ordinal": "20"
      },
      {
        "address": "0000000000000000000000000000000000001010",
        "topics": [
          "4dfe1bbbcf077ddc3e01291eea2d5c70c2b422b415d95645b9adcfd678cb1d63",
          "0000000000000000000000000000000000000000000000000000000000001010",
          "000000000000000000000000821b55d8abe79bc98f05eb675fdc50dfe796b7ab",
          "0000000000000000000000004196a1a1e21a53e1baa3a0a5a2a1203571b250cd"
        ],
        "data": "000000000000000000000000000000000000000000000000000aa5190b815bc600000000000000000000000000000000000000000000d3c2132903b84f9306a00000000000000000000000000000000000000000033a5a7a8ca6259f79c1d77100000000000000000000000000000000000000000000d3c2131e5e9f4411aada0000000000000000000000000000000000000000033a5a7a8cb0cab885433337",
        "index": 3,
        "blockIndex": 3,
        "ordinal": "29"
      }
    ]
  }
}