{
  "to": "$storageContract",
  "nonce": "$nonce",
  "gasLimit": "900000",
  "input": "5ed9a383",
  "v": "",
  "r": "",
  "s": "",
  "gasUsed": "49066",
  "type": "TRX_TYPE_LEGACY",
  "accessList": [],
  "index": "$index",
  "hash": "$hash",
  "from": "821b55d8abe79bc98f05eb675fdc50dfe796b7ab",
  "returnData": "",
  "publicKey": "",
  "beginOrdinal": "0",
  "endOrdinal": "17",
  "status": "SUCCEEDED",
  "calls": [
    {
      "index": 1,
      "parentIndex": 0,
      "depth": 0,
      "callType": "CALL",
      "caller": "821b55d8abe79bc98f05eb675fdc50dfe796b7ab",
      "address": "$storageContract",
      "gasLimit": "878936",
      "gasConsumed": "28002",
      "returnData": "",
      "input": "5ed9a383",
      "executedCode": true,
      "suicide": false,
      "keccakPreimages": {
        "c2575a0e9e593c00f959f8c92f12db2869c3395a3b0502d05e2516446f71f85b": "0000000000000000000000000000000000000000000000000000000000000003",
        "405787fa12a823e0f2b7631cc41b3ba8828b3321ca811111fa75cd3aa3bb5ace": "0000000000000000000000000000000000000000000000000000000000000002"
      },
      "storageChanges": [
        {
          "address": "$storageContract",
          "key": "c2575a0e9e593c00f959f8c92f12db2869c3395a3b0502d05e2516446f71f85b",
          "oldValue": "000000000000000000000000000000000000000000000000000000000000004b",
          "newValue": "000000000000000000000000000000000000000000000000000000000000005f",
          "ordinal": "6"
        },
        {
          "address": "$storageContract",
          "key": "0000000000000000000000000000000000000000000000000000000000000002",
          "oldValue": "0000000000000000000000000000000000000000000000000000000000000097",
          "newValue": "0000000000000000000000000000000000000000000000000000000000000099",
          "ordinal": "8"
        },
        {
          "address": "$storageContract",
          "key": "405787fa12a823e0f2b7631cc41b3ba8828b3321ca811111fa75cd3aa3bb5ace",
          "oldValue": "7265616c79206c6f6e6720737472696e67206c6172676572207468616e203332",
          "newValue": "7265616c6c79206c6f6e6720737472696e67206c6172676572207468616e2033",
          "ordinal": "9"
        },
        {
          "address": "$storageContract",
          "key": "405787fa12a823e0f2b7631cc41b3ba8828b3321ca811111fa75cd3aa3bb5acf",
          "oldValue": "20627974657320746f2074657374206f757420736f6c69646974792073706c69",
          "newValue": "3220627974657320746f2074657374206f757420736f6c69646974792073706c",
          "ordinal": "10"
        },
        {
          "address": "$storageContract",
          "key": "405787fa12a823e0f2b7631cc41b3ba8828b3321ca811111fa75cd3aa3bb5ad0",
          "oldValue": "7474696e67207374756666000000000000000000000000000000000000000000",
          "newValue": "697474696e672073747566660000000000000000000000000000000000000000",
          "ordinal": "11"
        }
      ],
      "balanceChanges": [
        {
          "address": "821b55d8abe79bc98f05eb675fdc50dfe796b7ab",
          "reason": "REASON_GAS_REFUND",
          "ordinal": "14",
          "oldValue": "",
          "newValue": "880a65fde0ec00"
        },
        {
          "address": "$coinbase",
          "reason": "REASON_REWARD_TRANSACTION_FEE",
          "ordinal": "16",
          "newValue": "01",
          "oldValue": ""
        }
      ],
      "nonceChanges": [
        {
          "address": "821b55d8abe79bc98f05eb675fdc50dfe796b7ab",
          "oldValue": "0",
          "newValue": "1",
          "ordinal": "3"
        }
      ],
      "logs": [],
      "codeChanges": [],
      "gasChanges": [
        {
          "oldValue": "0",
          "newValue": "900000",
          "reason": "REASON_TX_INITIAL_BALANCE",
          "ordinal": "1"
        },
        {
          "oldValue": "900000",
          "newValue": "878936",
          "reason": "REASON_INTRINSIC_GAS",
          "ordinal": "2"
        },
        {
          "oldValue": "0",
          "newValue": "878936",
          "reason": "REASON_CALL_INITIAL_BALANCE",
          "ordinal": "5"
        },
        {
          "oldValue": "871530",
          "newValue": "871509",
          "reason": "REASON_CODE_COPY",
          "ordinal": "7"
        },
        {
          "oldValue": "850934",
          "newValue": "0",
          "reason": "REASON_CALL_LEFT_OVER_RETURNED",
          "ordinal": "12"
        },
        {
          "oldValue": "850934",
          "newValue": "0",
          "reason": "REASON_TX_LEFT_OVER_RETURNED",
          "ordinal": "15"
        }
      ],
      "statusFailed": false,
      "statusReverted": false,
      "failureReason": "",
      "stateReverted": false,
      "beginOrdinal": "4",
      "endOrdinal": "13",
      "accountCreations": []
    }
  ],
  "blobHashes": [],
  "gasPrice": "0a7a358200",
  "receipt": {
    "stateRoot": "",
    "cumulativeGasUsed": "$cumulativeGasUsed",
    "logsBloom": "$logsBloom",
    "logs": []
  }
}