{
  "to": "$contract",
  "nonce": "$nonce",
  "gasLimit": "900000",
  "input": "a55d0e8e000000000000000000000000d549d2fd4b177767b84ab2fd17423cee1cf1d7bd",
  "v": "",
  "r": "",
  "s": "",
  "gasUsed": "31023",
  "type": "TRX_TYPE_LEGACY",
  "accessList": [],
  "index": "$index",
  "hash": "$hash",
  "from": "821b55d8abe79bc98f05eb675fdc50dfe796b7ab",
  "returnData": "",
  "publicKey": "",
  "beginOrdinal": "0",
  "endOrdinal": "23",
  "status": "SUCCEEDED",
  "calls": [
    {
      "index": 1,
      "parentIndex": 0,
      "depth": 0,
      "callType": "CALL",
      "caller": "821b55d8abe79bc98f05eb675fdc50dfe796b7ab",
      "address": "$contract",
      "gasLimit": "878568",
      "gasConsumed": "9591",
      "returnData": "",
      "input": "a55d0e8e000000000000000000000000d549d2fd4b177767b84ab2fd17423cee1cf1d7bd",
      "executedCode": true,
      "suicide": false,
      "keccakPreimages": {},
      "storageChanges": [],
      "balanceChanges": [
        {
          "address": "821b55d8abe79bc98f05eb675fdc50dfe796b7ab",
          "reason": "REASON_GAS_BUY",
          "ordinal": "2",
          "oldValue": "8fe28911674000",
          "newValue": ""
        },
        {
          "address": "821b55d8abe79bc98f05eb675fdc50dfe796b7ab",
          "reason": "REASON_TRANSFER",
          "ordinal": "7",
          "oldValue": "01",
          "newValue": ""
        },
        {
          "address": "$contract",
          "reason": "REASON_TRANSFER",
          "ordinal": "8",
          "newValue": "01",
          "oldValue": ""
        },
        {
          "address": "821b55d8abe79bc98f05eb675fdc50dfe796b7ab",
          "reason": "REASON_GAS_REFUND",
          "ordinal": "20",
          "oldValue": "",
          "newValue": "8aecd957226200"
        },
        {
          "address": "$coinbase",
          "reason": "REASON_REWARD_TRANSACTION_FEE",
          "ordinal": "22",
          "oldValue": "",
          "newValue": "01"
        }
      ],
      "nonceChanges": [
        {
          "address": "821b55d8abe79bc98f05eb675fdc50dfe796b7ab",
          "oldValue": "0",
          "newValue": "1",
          "ordinal": "4"
        }
      ],
      "logs": [],
      "codeChanges": [],
      "gasChanges": [
        {
          "oldValue": "0",
          "newValue": "900000",
          "reason": "REASON_TX_INITIAL_BALANCE",
          "ordinal": "1"
        },
        {
          "oldValue": "900000",
          "newValue": "878568",
          "reason": "REASON_INTRINSIC_GAS",
          "ordinal": "3"
        },
        {
          "oldValue": "0",
          "newValue": "878568",
          "reason": "REASON_CALL_INITIAL_BALANCE",
          "ordinal": "6"
        },
        {
          "oldValue": "878224",
          "newValue": "875724",
          "reason": "REASON_STATE_COLD_ACCESS",
          "ordinal": "9"
        },
        {
          "oldValue": "878324",
          "newValue": "866724",
          "reason": "REASON_CALL",
          "ordinal": "10"
        },
        {
          "oldValue": "866724",
          "newValue": "869024",
          "reason": "REASON_REFUND_AFTER_EXECUTION",
          "ordinal": "17"
        },
        {
          "oldValue": "868977",
          "newValue": "0",
          "reason": "REASON_CALL_LEFT_OVER_RETURNED",
          "ordinal": "18"
        },
        {
          "oldValue": "868977",
          "newValue": "0",
          "reason": "REASON_TX_LEFT_OVER_RETURNED",
          "ordinal": "21"
        }
      ],
      "statusFailed": false,
      "statusReverted": false,
      "failureReason": "",
      "stateReverted": false,
      "beginOrdinal": "5",
      "endOrdinal": "19",
      "accountCreations": [],
      "value": "01"
    },
    {
      "index": 2,
      "parentIndex": 1,
      "depth": 1,
      "callType": "CALL",
      "caller": "$contract",
      "address": "d549d2fd4b177767b84ab2fd17423cee1cf1d7bd",
      "gasLimit": "2300",
      "gasConsumed": "0",
      "returnData": "",
      "input": "",
      "executedCode": false,
      "suicide": false,
      "keccakPreimages": {},
      "storageChanges": [],
      "balanceChanges": [
        {
          "address": "$contract",
          "reason": "REASON_TRANSFER",
          "ordinal": "13",
          "oldValue": "01",
          "newValue": ""
        },
        {
          "address": "d549d2fd4b177767b84ab2fd17423cee1cf1d7bd",
          "reason": "REASON_TRANSFER",
          "ordinal": "14",
          "oldValue": "",
          "newValue": "01"
        }
      ],
      "nonceChanges": [],
      "logs": [],
      "codeChanges": [],
      "gasChanges": [
        {
          "oldValue": "0",
          "newValue": "2300",
          "reason": "REASON_CALL_INITIAL_BALANCE",
          "ordinal": "12"
        },
        {
          "oldValue": "2300",
          "newValue": "0",
          "reason": "REASON_CALL_LEFT_OVER_RETURNED",
          "ordinal": "15"
        }
      ],
      "statusFailed": false,
      "statusReverted": false,
      "failureReason": "",
      "stateReverted": false,
      "beginOrdinal": "11",
      "endOrdinal": "16",
      "accountCreations": [],
      "value": "01"
    }
  ],
  "blobHashes": [],
  "gasPrice": "0a7a358200",
  "value": "01",
  "receipt": {
    "stateRoot": "",
    "cumulativeGasUsed": "$cumulativeGasUsed",
    "logsBloom": "$logsBloom",
    "logs": []
  }
}