{
  "to": "$inputContract",
  "nonce": "$nonce",
  "gasLimit": "900000",
  "input": "f93d3def0000000000000000000000000000000000000000000000000000000000000020000000000000000000000000000000000000000000000000000000000000005a7265616c6c79206c6f6e6720737472696e67206c6172676572207468616e20333220627974657320746f2074657374206f757420736f6c69646974792073706c697474696e67207374756666206f766572203634206368617273000000000000",
  "v": "",
  "r": "",
  "s": "",
  "gasUsed": "25520",
  "type": "TRX_TYPE_LEGACY",
  "accessList": [],
  "index": "$index",
  "hash": "$hash",
  "from": "821b55d8abe79bc98f05eb675fdc50dfe796b7ab",
  "returnData": "0000000000000000000000000000000000000000000000000000000000000000",
  "publicKey": "",
  "beginOrdinal": "0",
  "endOrdinal": "14",
  "status": "SUCCEEDED",
  "calls": [
    {
      "index": 1,
      "parentIndex": 0,
      "depth": 0,
      "callType": "CALL",
      "caller": "821b55d8abe79bc98f05eb675fdc50dfe796b7ab",
      "address": "$inputContract",
      "gasLimit": "877192",
      "gasConsumed": "717",
      "returnData": "0000000000000000000000000000000000000000000000000000000000000000",
      "input": "f93d3def0000000000000000000000000000000000000000000000000000000000000020000000000000000000000000000000000000000000000000000000000000005a7265616c6c79206c6f6e6720737472696e67206c6172676572207468616e20333220627974657320746f2074657374206f757420736f6c69646974792073706c697474696e67207374756666206f766572203634206368617273000000000000",
      "executedCode": true,
      "suicide": false,
      "keccakPreimages": {},
      "storageChanges": [],
      "balanceChanges": [
        {
          "address": "821b55d8abe79bc98f05eb675fdc50dfe796b7ab",
          "reason": "REASON_GAS_BUY",
          "ordinal": "2",
          "oldValue": "8fe28911674000",
          "newValue": ""
        },
        {
          "address": "821b55d8abe79bc98f05eb675fdc50dfe796b7ab",
          "reason": "REASON_GAS_REFUND",
          "ordinal": "11",
          "oldValue": "",
          "newValue": "8bce125b57e000"
        },
        {
          "address": "$coinbase",
          "reason": "REASON_REWARD_TRANSACTION_FEE",
          "ordinal": "13",
          "oldValue": "",
          "newValue": "01"
        }
      ],
      "nonceChanges": [
        {
          "address": "821b55d8abe79bc98f05eb675fdc50dfe796b7ab",
          "oldValue": "0",
          "newValue": "1",
          "ordinal": "4"
        }
      ],
      "logs": [],
      "codeChanges": [],
      "gasChanges": [
        {
          "oldValue": "0",
          "newValue": "900000",
          "reason": "REASON_TX_INITIAL_BALANCE",
          "ordinal": "1"
        },
        {
          "oldValue": "900000",
          "newValue": "877192",
          "reason": "REASON_INTRINSIC_GAS",
          "ordinal": "3"
        },
        {
          "oldValue": "0",
          "newValue": "877192",
          "reason": "REASON_CALL_INITIAL_BALANCE",
          "ordinal": "6"
        },
        {
          "oldValue": "876665",
          "newValue": "876644",
          "reason": "REASON_CALL_DATA_COPY",
          "ordinal": "7"
        },
        {
          "oldValue": "876475",
          "newValue": "0",
          "reason": "REASON_CALL_LEFT_OVER_RETURNED",
          "ordinal": "8"
        },
        {
          "oldValue": "876475",
          "newValue": "874480",
          "reason": "REASON_TX_DATA_FLOOR",
          "ordinal": "10"
        },
        {
          "oldValue": "874480",
          "newValue": "0",
          "reason": "REASON_TX_LEFT_OVER_RETURNED",
          "ordinal": "12"
        }
      ],
      "statusFailed": false,
      "statusReverted": false,
      "failureReason": "",
      "stateReverted": false,
      "beginOrdinal": "5",
      "endOrdinal": "9",
      "accountCreations": []
    }
  ],
  "blobHashes": [],
  "gasPrice": "0a7a358200",
  "receipt": {
    "stateRoot": "",
    "cumulativeGasUsed": "$cumulativeGasUsed",
    "logsBloom": "$logsBloom",
    "logs": []
  }
}