{
  "to": "$gasContract",
  "nonce": "$nonce",
  "gasLimit": "900000",
  "input": "92d0a958000000000000000000000000$childContract000000000000000000000000$grandChildContract",
  "v": "",
  "r": "",
  "s": "",
  "gasUsed": "28743",
  "type": "TRX_TYPE_LEGACY",
  "accessList": [],
  "index": "$index",
  "hash": "$hash",
  "from": "821b55d8abe79bc98f05eb675fdc50dfe796b7ab",
  "returnData": "",
  "publicKey": "",
  "beginOrdinal": "0",
  "endOrdinal": "18",
  "status": "SUCCEEDED",
  "calls": [
    {
      "index": 1,
      "parentIndex": 0,
      "depth": 0,
      "callType": "CALL",
      "caller": "821b55d8abe79bc98f05eb675fdc50dfe796b7ab",
      "address": "$gasContract",
      "gasLimit": "878200",
      "gasConsumed": "6943",
      "returnData": "",
      "input": "92d0a958000000000000000000000000$childContract000000000000000000000000$grandChildContract",
      "executedCode": true,
      "suicide": false,
      "keccakPreimages": {},
      "storageChanges": [],
      "balanceChanges": [
        {
          "address": "821b55d8abe79bc98f05eb675fdc50dfe796b7ab",
          "reason": "REASON_GAS_BUY",
          "ordinal": "1",
          "oldValue": "8fe28911674000",
          "newValue": ""
        },
        {
          "address": "821b55d8abe79bc98f05eb675fdc50dfe796b7ab",
          "reason": "REASON_GAS_REFUND",
          "ordinal": "16",
          "oldValue": "",
          "newValue": "8b4a29c3b03200"
        },
        {
          "address": "0000000000000000000000000000000000000000",
          "reason": "REASON_REWARD_TRANSACTION_FEE",
          "ordinal": "17",
          "oldValue": "",
          "newValue": "01"
        }
      ],
      "nonceChanges": [
        {
          "address": "821b55d8abe79bc98f05eb675fdc50dfe796b7ab",
          "oldValue": "0",
          "newValue": "1",
          "ordinal": "3"
        }
      ],
      "logs": [],
      "codeChanges": [],
      "gasChanges": [
        {
          "oldValue": "900000",
          "newValue": "878200",
          "reason": "REASON_INTRINSIC_GAS",
          "ordinal": "2"
        },
        {
          "oldValue": "877304",
          "newValue": "874804",
          "reason": "REASON_STATE_COLD_ACCESS",
          "ordinal": "5"
        },
        {
          "oldValue": "877404",
          "newValue": "13668",
          "reason": "REASON_STATIC_CALL",
          "ordinal": "6"
        },
        {
          "oldValue": "13668",
          "newValue": "871342",
          "reason": "REASON_REFUND_AFTER_EXECUTION",
          "ordinal": "14"
        }
      ],
      "statusFailed": false,
      "statusReverted": false,
      "failureReason": "",
      "stateReverted": false,
      "beginOrdinal": "0",
      "endOrdinal": "15",
      "accountCreations": []
    },
    {
      "index": 2,
      "parentIndex": 1,
      "depth": 1,
      "callType": "STATIC",
      "caller": "$gasContract",
      "address": "$childContract",
      "gasLimit": "861136",
      "gasConsumed": "3462",
      "returnData": "",
      "input": "25b538ae000000000000000000000000$grandChildContract",
      "executedCode": true,
      "suicide": false,
      "keccakPreimages": {},
      "storageChanges": [],
      "balanceChanges": [],
      "nonceChanges": [],
      "logs": [],
      "codeChanges": [],
      "gasChanges": [
        {
          "oldValue": "860401",
          "newValue": "857901",
          "reason": "REASON_STATE_COLD_ACCESS",
          "ordinal": "8"
        },
        {
          "oldValue": "860501",
          "newValue": "13404",
          "reason": "REASON_STATIC_CALL",
          "ordinal": "9"
        },
        {
          "oldValue": "13404",
          "newValue": "857757",
          "reason": "REASON_REFUND_AFTER_EXECUTION",
          "ordinal": "12"
        }
      ],
      "statusFailed": false,
      "statusReverted": false,
      "failureReason": "",
      "stateReverted": false,
      "beginOrdinal": "7",
      "endOrdinal": "13",
      "accountCreations": []
    },
    {
      "index": 3,
      "parentIndex": 2,
      "depth": 2,
      "callType": "STATIC",
      "caller": "$childContract",
      "address": "$grandChildContract",
      "gasLimit": "844497",
      "gasConsumed": "144",
      "returnData": "",
      "input": "ba90b72e",
      "executedCode": true,
      "suicide": false,
      "keccakPreimages": {},
      "storageChanges": [],
      "balanceChanges": [],
      "nonceChanges": [],
      "logs": [],
      "codeChanges": [],
      "gasChanges": [],
      "statusFailed": false,
      "statusReverted": false,
      "failureReason": "",
      "stateReverted": false,
      "beginOrdinal": "10",
      "endOrdinal": "11",
      "accountCreations": []
    }
  ],
  "blobHashes": [],
  "gasPrice": "0a7a358200",
  "receipt": {
    "stateRoot": "",
    "cumulativeGasUsed": "$cumulativeGasUsed",
    "logsBloom": "$logsBloom",
    "logs": []
  }
}