{
  "to": "d549d2fd4b177767b84ab2fd17423cee1cf1d7bd",
  "nonce": "$nonce",
  "gasLimit": "21000",
  "input": "",
  "v": "",
  "r": "",
  "s": "",
  "gasUsed": "21000",
  "type": "TRX_TYPE_LEGACY",
  "accessList": [],
  "index": "$index",
  "hash": "$hash",
  "from": "821b55d8abe79bc98f05eb675fdc50dfe796b7ab",
  "returnData": "",
  "publicKey": "",
  "beginOrdinal": "0",
  "endOrdinal": "12",
  "status": "SUCCEEDED",
  "calls": [
    {
      "index": 1,
      "parentIndex": 0,
      "depth": 0,
      "callType": "CALL",
      "caller": "821b55d8abe79bc98f05eb675fdc50dfe796b7ab",
      "address": "d549d2fd4b177767b84ab2fd17423cee1cf1d7bd",
      "gasLimit": "0",
      "gasConsumed": "0",
      "returnData": "",
      "input": "",
      "executedCode": false,
      "suicide": false,
      "keccakPreimages": {},
      "storageChanges": [],
      "balanceChanges": [
        {
          "address": "821b55d8abe79bc98f05eb675fdc50dfe796b7ab",
          "reason": "REASON_GAS_BUY",
          "ordinal": "1",
          "oldValue": "035b78f5501000",
          "newValue": ""
        },
        {
          "address": "821b55d8abe79bc98f05eb675fdc50dfe796b7ab",
          "reason": "REASON_TRANSFER",
          "ordinal": "5",
          "oldValue": "01",
          "newValue": ""
        },
        {
          "address": "d549d2fd4b177767b84ab2fd17423cee1cf1d7bd",
          "reason": "REASON_TRANSFER",
          "ordinal": "6",
          "oldValue": "",
          "newValue": "01"
        },
        {
          "address": "000000000000000000000000000000000000dead",
          "reason": "REASON_BURN",
          "ordinal": "9",
          "oldValue": "",
          "newValue": "032de760"
        },
        {
          "address": "$coinbase",
          "reason": "REASON_REWARD_TRANSACTION_FEE",
          "ordinal": "10",
          "oldValue": "",
          "newValue": "01"
        }
      ],
      "nonceChanges": [
        {
          "address": "821b55d8abe79bc98f05eb675fdc50dfe796b7ab",
          "oldValue": "0",
          "newValue": "1",
          "ordinal": "3"
        }
      ],
      "logs": [
        {
          "address": "0000000000000000000000000000000000001010",
          "topics": [
            "e6497e3ee548a3372136af2fcb0696db31fc6cf20260707645068bd3fe97f3c4",
            "0000000000000000000000000000000000000000000000000000000000001010",
            "000000000000000000000000821b55d8abe79bc98f05eb675fdc50dfe796b7ab",
            "000000000000000000000000d549d2fd4b177767b84ab2fd17423cee1cf1d7bd"
          ],
          "data": "000000000000000000000000000000000000000000000000000000000000000100000000000000000000000000000000000000000000d3c1d3f87078b4ec5868000000000000000000000000000000000000000000000000000000000000000e00000000000000000000000000000000000000000000d3c1d3f87078b4ec5867000000000000000000000000000000000000000000000000000000000000000f",
          "index": 0,
          "blockIndex": 4,
          "ordinal": "7"
        },
        {
          "address": "0000000000000000000000000000000000001010",
          "topics": [
            "4dfe1bbbcf077ddc3e01291eea2d5c70c2b422b415d95645b9adcfd678cb1d63",
            "0000000000000000000000000000000000000000000000000000000000001010",
            "000000000000000000000000821b55d8abe79bc98f05eb675fdc50dfe796b7ab",
            "0000000000000000000000004196a1a1e21a53e1baa3a0a5a2a1203571b250cd"
          ],
          "data": "00000000000000000000000000000000000000000000000000035b78f22228a000000000000000000000000000000000000000000000d3c1d3fbcbf1aa3c68680000000000000000000000000000000000000000033a5a7aa255e7a07a09df0300000000000000000000000000000000000000000000d3c1d3f87078b81a3fc80000000000000000000000000000000000000000033a5a7aa25943196c2c07a3",
          "index": 1,
          "blockIndex": 5,
          "ordinal": "11"
        }
      ],
      "codeChanges": [],
      "gasChanges": [
        {
          "oldValue": "21000",
          "newValue": "0",
          "reason": "REASON_INTRINSIC_GAS",
          "ordinal": "2"
        }
      ],
      "statusFailed": false,
      "statusReverted": false,
      "failureReason": "",
      "stateReverted": false,
      "beginOrdinal": "0",
      "endOrdinal": "8",
      "accountCreations": [],
      "value": "01"
    }
  ],
  "blobHashes": [],
  "gasPrice": "0a7a358200",
  "value": "01",
  "receipt": {
    "stateRoot": "",
    "cumulativeGasUsed": "$cumulativeGasUsed",
    "logsBloom": "$logsBloom",
    "logs": [
      {
        "address": "0000000000000000000000000000000000001010",
        "topics": [
          "e6497e3ee548a3372136af2fcb0696db31fc6cf20260707645068bd3fe97f3c4",
          "0000000000000000000000000000000000000000000000000000000000001010",
          "000000000000000000000000821b55d8abe79bc98f05eb675fdc50dfe796b7ab",
          "000000000000000000000000d549d2fd4b177767b84ab2fd17423cee1cf1d7bd"
        ],
        "data": "000000000000000000000000000000000000000000000000000000000000000100000000000000000000000000000000000000000000d3c1d3f87078b4ec5868000000000000000000000000000000000000000000000000000000000000000e00000000000000000000000000000000000000000000d3c1d3f87078b4ec5867000000000000000000000000000000000000000000000000000000000000000f",
        "index": 0,
        "blockIndex": 4,
        "ordinal": "7"
      },
      {
        "address": "0000000000000000000000000000000000001010",
        "topics": [
          "4dfe1bbbcf077ddc3e01291eea2d5c70c2b422b415d95645b9adcfd678cb1d63",
          "0000000000000000000000000000000000000000000000000000000000001010",
          "000000000000000000000000821b55d8abe79bc98f05eb675fdc50dfe796b7ab",
          "0000000000000000000000004196a1a1e21a53e1baa3a0a5a2a1203571b250cd"
        ],
        "data": "00000000000000000000000000000000000000000000000000035b78f22228a000000000000000000000000000000000000000000000d3c1d3fbcbf1aa3c68680000000000000000000000000000000000000000033a5a7aa255e7a07a09df0300000000000000000000000000000000000000000000d3c1d3f87078b81a3fc80000000000000000000000000000000000000000033a5a7aa25943196c2c07a3",
        "index": 1,
        "blockIndex": 5,
        "ordinal": "11"
      }
    ]
  }
}