{
  "to": "$gasContract",
  "nonce": "$nonce",
  "gasLimit": "900000",
  "input": "f1130f73000000000000000000000000$childContract000000000000000000000000$grandChildContract",
  "v": "",
  "r": "",
  "s": "",
  "gasUsed": "110757",
  "type": "TRX_TYPE_LEGACY",
  "accessList": [],
  "index": "$index",
  "hash": "$hash",
  "from": "821b55d8abe79bc98f05eb675fdc50dfe796b7ab",
  "returnData": "",
  "publicKey": "",
  "beginOrdinal": "0",
  "endOrdinal": "29",
  "status": "SUCCEEDED",
  "calls": [
    {
      "index": 1,
      "parentIndex": 0,
      "depth": 0,
      "callType": "CALL",
      "caller": "821b55d8abe79bc98f05eb675fdc50dfe796b7ab",
      "address": "$gasContract",
      "gasLimit": "878200",
      "gasConsumed": "88957",
      "returnData": "",
      "input": "f1130f73000000000000000000000000$childContract000000000000000000000000$grandChildContract",
      "executedCode": true,
      "suicide": false,
      "keccakPreimages": {},
      "storageChanges": [],
      "balanceChanges": [
        {
          "address": "821b55d8abe79bc98f05eb675fdc50dfe796b7ab",
          "reason": "REASON_GAS_BUY",
          "ordinal": "1",
          "oldValue": "8fe28911674000",
          "newValue": ""
        },
        {
          "address": "821b55d8abe79bc98f05eb675fdc50dfe796b7ab",
          "reason": "REASON_GAS_REFUND",
          "ordinal": "25",
          "oldValue": "",
          "newValue": "7e2d8e018a7600"
        },
        {
          "address": "000000000000000000000000000000000000dead",
          "reason": "REASON_BURN",
          "ordinal": "26",
          "oldValue": "",
          "newValue": "ac651f4a"
        },
        {
          "address": "$coinbase",
          "reason": "REASON_REWARD_TRANSACTION_FEE",
          "ordinal": "27",
          "oldValue": "",
          "newValue": "01"
        }
      ],
      "nonceChanges": [
        {
          "address": "821b55d8abe79bc98f05eb675fdc50dfe796b7ab",
          "oldValue": "0",
          "newValue": "1",
          "ordinal": "3"
        }
      ],
      "logs": [
        {
          "address": "0000000000000000000000000000000000001010",
          "topics": [
            "4dfe1bbbcf077ddc3e01291eea2d5c70c2b422b415d95645b9adcfd678cb1d63",
            "0000000000000000000000000000000000000000000000000000000000001010",
            "000000000000000000000000821b55d8abe79bc98f05eb675fdc50dfe796b7ab",
            "0000000000000000000000004196a1a1e21a53e1baa3a0a5a2a1203571b250cd"
          ],
          "data": "0000000000000000000000000000000000000000000000000011b4fa6377aab600000000000000000000000000000000000000000000d3c1d71d2e78db903b9e0000000000000000000000000000000000000000033a5a7a9f3485275199095600000000000000000000000000000000000000000000d3c1d70b797e781890e80000000000000000000000000000000000000000033a5a7a9f463a21b510b40c",
          "index": 2,
          "blockIndex": 2,
          "ordinal": "28"
        }
      ],
      "codeChanges": [],
      "gasChanges": [
        {
          "oldValue": "900000",
          "newValue": "878200",
          "reason": "REASON_INTRINSIC_GAS",
          "ordinal": "2"
        },
        {
          "oldValue": "877038",
          "newValue": "874538",
          "reason": "REASON_STATE_COLD_ACCESS",
          "ordinal": "5"
        },
        {
          "oldValue": "877138",
          "newValue": "13664",
          "reason": "REASON_CALL",
          "ordinal": "6"
        },
        {
          "oldValue": "13664",
          "newValue": "789332",
          "reason": "REASON_REFUND_AFTER_EXECUTION",
          "ordinal": "23"
        }
      ],
      "statusFailed": false,
      "statusReverted": false,
      "failureReason": "",
      "stateReverted": false,
      "beginOrdinal": "0",
      "endOrdinal": "24",
      "accountCreations": []
    },
    {
      "index": 2,
      "parentIndex": 1,
      "depth": 1,
      "callType": "CALL",
      "caller": "$gasContract",
      "address": "$childContract",
      "gasLimit": "860874",
      "gasConsumed": "85206",
      "returnData": "",
      "input": "cc905682000000000000000000000000$grandChildContract00000000000000000000000000000000000000000000000000000000002625a000000000000000000000000000000000000000000000000000000000000d6514",
      "executedCode": true,
      "suicide": false,
      "keccakPreimages": {},
      "storageChanges": [
        {
          "address": "$childContract",
          "key": "0000000000000000000000000000000000000000000000000000000000000001",
          "oldValue": "00000000000000000000000000000000000000000000000000000000000d66ea",
          "newValue": "00000000000000000000000000000000000000000000000000000000000d6514",
          "ordinal": "8"
        },
        {
          "address": "$childContract",
          "key": "0000000000000000000000000000000000000000000000000000000000000002",
          "oldValue": "00000000000000000000000000000000000000000000000000000000000c7710",
          "newValue": "00000000000000000000000000000000000000000000000000000000000d0509",
          "ordinal": "9"
        }
      ],
      "balanceChanges": [],
      "nonceChanges": [],
      "logs": [
        {
          "address": "$childContract",
          "topics": [
            "5d6e09c3a2a72b85c9c8b4d91cae443f86bdc7bb8e2480ba2a3e7aa63f25e507"
          ],
          "data": "00000000000000000000000000000000000000000000000000000000000bdb3f000000000000000000000000$gasContract",
          "index": 1,
          "blockIndex": 1,
          "ordinal": "21"
        }
      ],
      "codeChanges": [],
      "gasChanges": [
        {
          "oldValue": "847526",
          "newValue": "845026",
          "reason": "REASON_STATE_COLD_ACCESS",
          "ordinal": "10"
        },
        {
          "oldValue": "847626",
          "newValue": "13203",
          "reason": "REASON_CALL",
          "ordinal": "11"
        },
        {
          "oldValue": "13203",
          "newValue": "777100",
          "reason": "REASON_REFUND_AFTER_EXECUTION",
          "ordinal": "19"
        },
        {
          "oldValue": "776949",
          "newValue": "775687",
          "reason": "REASON_EVENT_LOG",
          "ordinal": "20"
        }
      ],
      "statusFailed": false,
      "statusReverted": false,
      "failureReason": "",
      "stateReverted": false,
      "beginOrdinal": "7",
      "endOrdinal": "22",
      "accountCreations": []
    },
    {
      "index": 3,
      "parentIndex": 2,
      "depth": 2,
      "callType": "CALL",
      "caller": "$childContract",
      "address": "$grandChildContract",
      "gasLimit": "831823",
      "gasConsumed": "67926",
      "returnData": "",
      "input": "a64b9faf000000000000000000000000000000000000000000000000000000000016e36000000000000000000000000000000000000000000000000000000000000cf157",
      "executedCode": true,
      "suicide": false,
      "keccakPreimages": {},
      "storageChanges": [
        {
          "address": "$grandChildContract",
          "key": "0000000000000000000000000000000000000000000000000000000000000000",
          "oldValue": "0000000000000000000000000000000000000000000000000000000000000000",
          "newValue": "000000000000000000000000000000000000000000000000000000000016e360",
          "ordinal": "13"
        },
        {
          "address": "$grandChildContract",
          "key": "0000000000000000000000000000000000000000000000000000000000000001",
          "oldValue": "0000000000000000000000000000000000000000000000000000000000000000",
          "newValue": "00000000000000000000000000000000000000000000000000000000000cf157",
          "ordinal": "14"
        },
        {
          "address": "$grandChildContract",
          "key": "0000000000000000000000000000000000000000000000000000000000000002",
          "oldValue": "0000000000000000000000000000000000000000000000000000000000000000",
          "newValue": "00000000000000000000000000000000000000000000000000000000000c03ab",
          "ordinal": "15"
        }
      ],
      "balanceChanges": [],
      "nonceChanges": [],
      "logs": [
        {
          "address": "$grandChildContract",
          "topics": [
            "5d6e09c3a2a72b85c9c8b4d91cae443f86bdc7bb8e2480ba2a3e7aa63f25e507"
          ],
          "data": "00000000000000000000000000000000000000000000000000000000000bad47000000000000000000000000$childContract",
          "index": 0,
          "blockIndex": 0,
          "ordinal": "17"
        }
      ],
      "codeChanges": [],
      "gasChanges": [
        {
          "oldValue": "765172",
          "newValue": "763910",
          "reason": "REASON_EVENT_LOG",
          "ordinal": "16"
        }
      ],
      "statusFailed": false,
      "statusReverted": false,
      "failureReason": "",
      "stateReverted": false,
      "beginOrdinal": "12",
      "endOrdinal": "18",
      "accountCreations": []
    }
  ],
  "blobHashes": [],
  "gasPrice": "0a7a358200",
  "receipt": {
    "stateRoot": "",
    "cumulativeGasUsed": "$cumulativeGasUsed",
    "logsBloom": "$logsBloom",
    "logs": [
      {
        "address": "$grandChildContract",
        "topics": [
          "5d6e09c3a2a72b85c9c8b4d91cae443f86bdc7bb8e2480ba2a3e7aa63f25e507"
        ],
        "data": "00000000000000000000000000000000000000000000000000000000000bad47000000000000000000000000$childContract",
        "index": 0,
        "blockIndex": 0,
        "ordinal": "17"
      },
      {
        "address": "$childContract",
        "topics": [
          "5d6e09c3a2a72b85c9c8b4d91cae443f86bdc7bb8e2480ba2a3e7aa63f25e507"
        ],
        "data": "00000000000000000000000000000000000000000000000000000000000bdb3f000000000000000000000000$gasContract",
        "index": 1,
        "blockIndex": 1,
        "ordinal": "21"
      },
      {
        "address": "0000000000000000000000000000000000001010",
        "topics": [
          "4dfe1bbbcf077ddc3e01291eea2d5c70c2b422b415d95645b9adcfd678cb1d63",
          "0000000000000000000000000000000000000000000000000000000000001010",
          "000000000000000000000000821b55d8abe79bc98f05eb675fdc50dfe796b7ab",
          "0000000000000000000000004196a1a1e21a53e1baa3a0a5a2a1203571b250cd"
        ],
        "data": "0000000000000000000000000000000000000000000000000011b4fa6377aab600000000000000000000000000000000000000000000d3c1d71d2e78db903b9e0000000000000000000000000000000000000000033a5a7a9f3485275199095600000000000000000000000000000000000000000000d3c1d70b797e781890e80000000000000000000000000000000000000000033a5a7a9f463a21b510b40c",
        "index": 2,
        "blockIndex": 2,
        "ordinal": "28"
      }
    ]
  }
}