{
  "to": "$callsContract",
  "nonce": "$nonce",
  "gasLimit": "900000",
  "input": "34926187",
  "v": "",
  "r": "",
  "s": "",
  "gasUsed": "874338",
  "type": "TRX_TYPE_LEGACY",
  "accessList": [],
  "index": "$index",
  "hash": "$hash",
  "from": "821b55d8abe79bc98f05eb675fdc50dfe796b7ab",
  "returnData": "",
  "publicKey": "",
  "beginOrdinal": "0",
  "endOrdinal": "29",
  "status": "REVERTED",
  "calls": [
    {
      "index": 1,
      "parentIndex": 0,
      "depth": 0,
      "callType": "CALL",
      "caller": "821b55d8abe79bc98f05eb675fdc50dfe796b7ab",
      "address": "$callsContract",
      "gasLimit": "878936",
      "gasConsumed": "853274",
      "returnData": "",
      "input": "34926187",
      "executedCode": true,
      "suicide": false,
      "keccakPreimages": {},
      "storageChanges": [],
      "balanceChanges": [
        {
          "address": "821b55d8abe79bc98f05eb675fdc50dfe796b7ab",
          "reason": "REASON_GAS_BUY",
          "ordinal": "1",
          "oldValue": "01705869225000",
          "newValue": ""
        },
        {
          "address": "821b55d8abe79bc98f05eb675fdc50dfe796b7ab",
          "reason": "REASON_GAS_REFUND",
          "ordinal": "27",
          "oldValue": "",
          "newValue": "0a80b47a3700"
        },
        {
          "address": "0000000000000000000000000000000000000000",
          "reason": "REASON_REWARD_TRANSACTION_FEE",
          "ordinal": "28",
          "oldValue": "",
          "newValue": "0165d7b44ab552"
        }
      ],
      "nonceChanges": [
        {
          "address": "821b55d8abe79bc98f05eb675fdc50dfe796b7ab",
          "oldValue": "0",
          "newValue": "1",
          "ordinal": "3"
        }
      ],
      "logs": [],
      "codeChanges": [],
      "gasChanges": [
        {
          "oldValue": "900000",
          "newValue": "878936",
          "reason": "REASON_INTRINSIC_GAS",
          "ordinal": "2"
        },
        {
          "oldValue": "878697",
          "newValue": "878625",
          "reason": "REASON_CODE_COPY",
          "ordinal": "5"
        },
        {
          "oldValue": "878589",
          "newValue": "846567",
          "reason": "REASON_CONTRACT_CREATION",
          "ordinal": "6"
        },
        {
          "oldValue": "846567",
          "newValue": "13227",
          "reason": "REASON_CONTRACT_CREATION",
          "ordinal": "7"
        },
        {
          "oldValue": "13227",
          "newValue": "25703",
          "reason": "REASON_REFUND_AFTER_EXECUTION",
          "ordinal": "24"
        },
        {
          "oldValue": "25670",
          "newValue": "25667",
          "reason": "REASON_RETURN_DATA_COPY",
          "ordinal": "25"
        }
      ],
      "statusFailed": true,
      "statusReverted": true,
      "failureReason": "execution reverted",
      "stateReverted": true,
      "beginOrdinal": "0",
      "endOrdinal": "26",
      "accountCreations": []
    },
    {
      "index": 2,
      "parentIndex": 1,
      "depth": 1,
      "callType": "CREATE",
      "caller": "$callsContract",
      "address": "$firstCreatedContract",
      "gasLimit": "833340",
      "gasConsumed": "820864",
      "returnData": "",
      "input": "",
      "executedCode": false,
      "suicide": false,
      "keccakPreimages": {},
      "storageChanges": [],
      "balanceChanges": [],
      "nonceChanges": [
        {
          "address": "$callsContract",
          "oldValue": "0",
          "newValue": "1",
          "ordinal": "9"
        },
        {
          "address": "$firstCreatedContract",
          "oldValue": "0",
          "newValue": "1",
          "ordinal": "11"
        }
      ],
      "logs": [],
      "codeChanges": [],
      "gasChanges": [
        {
          "oldValue": "833259",
          "newValue": "833223",
          "reason": "REASON_CODE_COPY",
          "ordinal": "12"
        },
        {
          "oldValue": "833153",
          "newValue": "801141",
          "reason": "REASON_CONTRACT_CREATION",
          "ordinal": "13"
        },
        {
          "oldValue": "801141",
          "newValue": "12517",
          "reason": "REASON_CONTRACT_CREATION",
          "ordinal": "14"
        },
        {
          "oldValue": "12484",
          "newValue": "12481",
          "reason": "REASON_RETURN_DATA_COPY",
          "ordinal": "22"
        }
      ],
      "statusFailed": true,
      "statusReverted": true,
      "failureReason": "execution reverted",
      "stateReverted": true,
      "beginOrdinal": "8",
      "endOrdinal": "23",
      "accountCreations": [
        {
          "account": "$firstCreatedContract",
          "ordinal": "10"
        }
      ]
    },
    {
      "index": 3,
      "parentIndex": 2,
      "depth": 2,
      "callType": "CREATE",
      "caller": "$firstCreatedContract",
      "address": "$secondCreatedContract",
      "gasLimit": "788624",
      "gasConsumed": "788624",
      "returnData": "",
      "input": "",
      "executedCode": false,
      "suicide": false,
      "keccakPreimages": {},
      "storageChanges": [],
      "balanceChanges": [],
      "nonceChanges": [
        {
          "address": "$firstCreatedContract",
          "oldValue": "0",
          "newValue": "1",
          "ordinal": "16"
        },
        {
          "address": "$secondCreatedContract",
          "oldValue": "0",
          "newValue": "1",
          "ordinal": "18"
        }
      ],
      "logs": [],
      "codeChanges": [],
      "gasChanges": [
        {
          "oldValue": "788559",
          "newValue": "788547",
          "reason": "REASON_CODE_COPY",
          "ordinal": "19"
        },
        {
          "oldValue": "788426",
          "newValue": "0",
          "reason": "REASON_FAILED_EXECUTION",
          "ordinal": "20"
        }
      ],
      "statusFailed": true,
      "statusReverted": false,
      "failureReason": "invalid opcode: INVALID",
      "stateReverted": true,
      "beginOrdinal": "15",
      "endOrdinal": "21",
      "accountCreations": [
        {
          "account": "$secondCreatedContract",
          "ordinal": "17"
        }
      ]
    }
  ],
  "blobHashes": [],
  "gasPrice": "1ad27480",
  "receipt": {
    "stateRoot": "",
    "cumulativeGasUsed": "$cumulativeGasUsed",
    "logsBloom": "$logsBloom",
    "logs": []
  }
}