{
  "to": "$callsContract",
  "nonce": "$nonce",
  "gasLimit": "900000",
  "input": "1e1fc855",
  "v": "",
  "r": "",
  "s": "",
  "gasUsed": "66052",
  "type": "TRX_TYPE_LEGACY",
  "accessList": [],
  "index": "$index",
  "hash": "$hash",
  "from": "821b55d8abe79bc98f05eb675fdc50dfe796b7ab",
  "returnData": "",
  "publicKey": "",
  "beginOrdinal": "0",
  "endOrdinal": "20",
  "status": "SUCCEEDED",
  "calls": [
    {
      "index": 1,
      "parentIndex": 0,
      "depth": 0,
      "callType": "CALL",
      "caller": "821b55d8abe79bc98f05eb675fdc50dfe796b7ab",
      "address": "$callsContract",
      "gasLimit": "878936",
      "gasConsumed": "44988",
      "returnData": "",
      "input": "1e1fc855",
      "executedCode": true,
      "suicide": false,
      "keccakPreimages": {},
      "storageChanges": [],
      "balanceChanges": [
        {
          "address": "821b55d8abe79bc98f05eb675fdc50dfe796b7ab",
          "reason": "REASON_GAS_BUY",
          "ordinal": "1",
          "oldValue": "01705869225000",
          "newValue": ""
        },
        {
          "address": "821b55d8abe79bc98f05eb675fdc50dfe796b7ab",
          "reason": "REASON_GAS_REFUND",
          "ordinal": "18",
          "oldValue": "",
          "newValue": "01554fe46f7e00"
        },
        {
          "address": "0000000000000000000000000000000000000000",
          "reason": "REASON_REWARD_TRANSACTION_FEE",
          "ordinal": "19",
          "oldValue": "",
          "newValue": "1b0884abc3e4"
        }
      ],
      "nonceChanges": [
        {
          "address": "821b55d8abe79bc98f05eb675fdc50dfe796b7ab",
          "oldValue": "0",
          "newValue": "1",
          "ordinal": "3"
        }
      ],
      "logs": [],
      "codeChanges": [],
      "gasChanges": [
        {
          "oldValue": "900000",
          "newValue": "878936",
          "reason": "REASON_INTRINSIC_GAS",
          "ordinal": "2"
        },
        {
          "oldValue": "878719",
          "newValue": "878695",
          "reason": "REASON_CODE_COPY",
          "ordinal": "5"
        },
        {
          "oldValue": "878659",
          "newValue": "846653",
          "reason": "REASON_CONTRACT_CREATION",
          "ordinal": "6"
        },
        {
          "oldValue": "846653",
          "newValue": "13228",
          "reason": "REASON_CONTRACT_CREATION",
          "ordinal": "7"
        },
        {
          "oldValue": "13228",
          "newValue": "833987",
          "reason": "REASON_REFUND_AFTER_EXECUTION",
          "ordinal": "16"
        }
      ],
      "statusFailed": false,
      "statusReverted": false,
      "failureReason": "",
      "stateReverted": false,
      "beginOrdinal": "0",
      "endOrdinal": "17",
      "accountCreations": []
    },
    {
      "index": 2,
      "parentIndex": 1,
      "depth": 1,
      "callType": "CREATE",
      "caller": "$callsContract",
      "address": "$createdContract",
      "gasLimit": "833425",
      "gasConsumed": "12666",
      "returnData": "",
      "input": "",
      "executedCode": false,
      "suicide": false,
      "keccakPreimages": {},
      "storageChanges": [],
      "balanceChanges": [],
      "nonceChanges": [
        {
          "address": "$callsContract",
          "oldValue": "0",
          "newValue": "1",
          "ordinal": "9"
        },
        {
          "address": "$createdContract",
          "oldValue": "0",
          "newValue": "1",
          "ordinal": "11"
        }
      ],
      "logs": [],
      "codeChanges": [
        {
          "address": "$createdContract",
          "oldHash": "c5d2460186f7233c927e7db2dcc703c0e500b653ca82273b7bfad8045d85a470",
          "oldCode": "",
          "newHash": "3ea11220f7d14847c729830478b230fb0e38d63a2f076fe0d9c6402d3f8a6a3f",
          "newCode": "6080604052600080fdfea2646970667358221220e177da52204d27d741820f3904ad3d738c2ce7fca72206fcdf04c186512db03d64736f6c634300060c0033",
          "ordinal": "14"
        }
      ],
      "gasChanges": [
        {
          "oldValue": "833371",
          "newValue": "833362",
          "reason": "REASON_CODE_COPY",
          "ordinal": "12"
        },
        {
          "oldValue": "833359",
          "newValue": "820759",
          "reason": "REASON_CODE_STORAGE",
          "ordinal": "13"
        }
      ],
      "statusFailed": false,
      "statusReverted": false,
      "failureReason": "",
      "stateReverted": false,
      "beginOrdinal": "8",
      "endOrdinal": "15",
      "accountCreations": [
        {
          "account": "$createdContract",
          "ordinal": "10"
        }
      ]
    }
  ],
  "blobHashes": [],
  "gasPrice": "1ad27480",
  "receipt": {
    "stateRoot": "",
    "cumulativeGasUsed": "$cumulativeGasUsed",
    "logsBloom": "$logsBloom",
    "logs": []
  }
}