{
  "to": "$callsContract",
  "nonce": "$nonce",
  "gasLimit": "900000",
  "input": "59d21640000000000000000000000000$childContract",
  "v": "",
  "r": "",
  "s": "",
  "gasUsed": "69984",
  "type": "TRX_TYPE_LEGACY",
  "accessList": [],
  "index": "$index",
  "hash": "$hash",
  "from": "821b55d8abe79bc98f05eb675fdc50dfe796b7ab",
  "returnData": "",
  "publicKey": "",
  "beginOrdinal": "0",
  "endOrdinal": "16",
  "status": "SUCCEEDED",
  "calls": [
    {
      "index": 1,
      "parentIndex": 0,
      "depth": 0,
      "callType": "CALL",
      "caller": "821b55d8abe79bc98f05eb675fdc50dfe796b7ab",
      "address": "$callsContract",
      "gasLimit": "878568",
      "gasConsumed": "48552",
      "returnData": "",
      "input": "59d21640000000000000000000000000$childContract",
      "executedCode": true,
      "suicide": false,
      "keccakPreimages": {},
      "storageChanges": [
        {
          "address": "$callsContract",
          "key": "0000000000000000000000000000000000000000000000000000000000000003",
          "oldValue": "0000000000000000000000000000000000000000000000000000000000000000",
          "newValue": "0000000000000000000000000000000000000000000000000000000000000001",
          "ordinal": "5"
        }
      ],
      "balanceChanges": [
        {
          "address": "821b55d8abe79bc98f05eb675fdc50dfe796b7ab",
          "reason": "REASON_GAS_BUY",
          "ordinal": "1",
          "oldValue": "8fe28911674000",
          "newValue": ""
        },
        {
          "address": "821b55d8abe79bc98f05eb675fdc50dfe796b7ab",
          "reason": "REASON_GAS_REFUND",
          "ordinal": "14",
          "oldValue": "",
          "newValue": "84b2482db48000"
        },
        {
          "address": "$coinbase",
          "reason": "REASON_REWARD_TRANSACTION_FEE",
          "ordinal": "15",
          "oldValue": "",
          "newValue": "01"
        }
      ],
      "nonceChanges": [
        {
          "address": "821b55d8abe79bc98f05eb675fdc50dfe796b7ab",
          "oldValue": "0",
          "newValue": "1",
          "ordinal": "3"
        }
      ],
      "logs": [],
      "codeChanges": [],
      "gasChanges": [
        {
          "oldValue": "900000",
          "newValue": "878568",
          "reason": "REASON_INTRINSIC_GAS",
          "ordinal": "2"
        },
        {
          "oldValue": "855615",
          "newValue": "853115",
          "reason": "REASON_STATE_COLD_ACCESS",
          "ordinal": "6"
        },
        {
          "oldValue": "855715",
          "newValue": "13329",
          "reason": "REASON_CALL",
          "ordinal": "7"
        },
        {
          "oldValue": "13329",
          "newValue": "830529",
          "reason": "REASON_REFUND_AFTER_EXECUTION",
          "ordinal": "11"
        },
        {
          "oldValue": "830433",
          "newValue": "830409",
          "reason": "REASON_RETURN_DATA_COPY",
          "ordinal": "12"
        }
      ],
      "statusFailed": false,
      "statusReverted": false,
      "failureReason": "",
      "stateReverted": false,
      "beginOrdinal": "0",
      "endOrdinal": "13",
      "accountCreations": []
    },
    {
      "index": 2,
      "parentIndex": 1,
      "depth": 1,
      "callType": "CALL",
      "caller": "$callsContract",
      "address": "$childContract",
      "gasLimit": "839786",
      "gasConsumed": "22586",
      "returnData": "08c379a000000000000000000000000000000000000000000000000000000000000000200000000000000000000000000000000000000000000000000000000000000009726576657274696e670000000000000000000000000000000000000000000000",
      "input": "5cd7142d",
      "executedCode": true,
      "suicide": false,
      "keccakPreimages": {},
      "storageChanges": [
        {
          "address": "$childContract",
          "key": "0000000000000000000000000000000000000000000000000000000000000004",
          "oldValue": "0000000000000000000000000000000000000000000000000000000000000000",
          "newValue": "0000000000000000000000000000000000000000000000000000000000000001",
          "ordinal": "9"
        }
      ],
      "balanceChanges": [],
      "nonceChanges": [],
      "logs": [],
      "codeChanges": [],
      "gasChanges": [],
      "statusFailed": true,
      "statusReverted": true,
      "failureReason": "execution reverted",
      "stateReverted": true,
      "beginOrdinal": "8",
      "endOrdinal": "10",
      "accountCreations": []
    }
  ],
  "blobHashes": [],
  "gasPrice": "0a7a358200",
  "receipt": {
    "stateRoot": "",
    "cumulativeGasUsed": "$cumulativeGasUsed",
    "logsBloom": "$logsBloom",
    "logs": []
  }
}