{
  "to": "$createdContract",
  "nonce": "$nonce",
  "gasLimit": "82792",
  "input": "6080604052348015600f57600080fd5b50336000806101000a81548173ffffffffffffffffffffffffffffffffffffffff021916908373ffffffffffffffffffffffffffffffffffffffff1602179055503373ffffffffffffffffffffffffffffffffffffffff16fffe",
  "v": "",
  "r": "",
  "s": "",
  "gasUsed": "81884",
  "type": "TRX_TYPE_DYNAMIC_FEE",
  "accessList": [],
  "index": "$index",
  "hash": "$hash",
  "from": "$sender",
  "returnData": "",
  "publicKey": "",
  "beginOrdinal": "0",
  "endOrdinal": "15",
  "status": "SUCCEEDED",
  "calls": [
    {
      "index": 1,
      "parentIndex": 0,
      "depth": 0,
      "callType": "CREATE",
      "caller": "$sender",
      "address": "$createdContract",
      "gasLimit": "28124",
      "gasConsumed": "27216",
      "returnData": "",
      "input": "6080604052348015600f57600080fd5b50336000806101000a81548173ffffffffffffffffffffffffffffffffffffffff021916908373ffffffffffffffffffffffffffffffffffffffff1602179055503373ffffffffffffffffffffffffffffffffffffffff16fffe",
      "executedCode": true,
      "suicide": true,
      "keccakPreimages": {},
      "storageChanges": [
        {
          "address": "$createdContract",
          "key": "0000000000000000000000000000000000000000000000000000000000000000",
          "oldValue": "0000000000000000000000000000000000000000000000000000000000000000",
          "newValue": "000000000000000000000000$sender",
          "ordinal": "7"
        }
      ],
      "balanceChanges": [
        {
          "address": "$sender",
          "reason": "REASON_GAS_REFUND",
          "ordinal": "12",
          "oldValue": "",
          "newValue": "252975c91800"
        },
        {
          "address": "$coinbase",
          "reason": "REASON_REWARD_TRANSACTION_FEE",
          "ordinal": "14",
          "newValue": "01",
          "oldValue": ""
        }
      ],
      "nonceChanges": [
        {
          "address": "$sender",
          "oldValue": "0",
          "newValue": "1",
          "ordinal": "5"
        },
        {
          "address": "$createdContract",
          "oldValue": "0",
          "newValue": "1",
          "ordinal": "6"
        }
      ],
      "logs": [],
      "codeChanges": [
        {
          "address": "$createdContract",
          "oldHash": "0000000000000000000000000000000000000000000000000000000000000000",
          "oldCode": "",
          "newHash": "c5d2460186f7233c927e7db2dcc703c0e500b653ca82273b7bfad8045d85a470",
          "newCode": "",
          "ordinal": "9"
        }
      ],
      "gasChanges": [
        {
          "oldValue": "0",
          "newValue": "82792",
          "reason": "REASON_TX_INITIAL_BALANCE",
          "ordinal": "1"
        },
        {
          "oldValue": "82792",
          "newValue": "28124",
          "reason": "REASON_INTRINSIC_GAS",
          "ordinal": "2"
        },
        {
          "oldValue": "0",
          "newValue": "28124",
          "reason": "REASON_CALL_INITIAL_BALANCE",
          "ordinal": "4"
        },
        {
          "oldValue": "5908",
          "newValue": "908",
          "reason": "REASON_SELF_DESTRUCT",
          "ordinal": "8"
        },
        {
          "oldValue": "908",
          "newValue": "0",
          "reason": "REASON_CALL_LEFT_OVER_RETURNED",
          "ordinal": "10"
        },
        {
          "oldValue": "908",
          "newValue": "0",
          "reason": "REASON_TX_LEFT_OVER_RETURNED",
          "ordinal": "13"
        }
      ],
      "statusFailed": false,
      "statusReverted": false,
      "failureReason": "",
      "stateReverted": false,
      "beginOrdinal": "3",
      "endOrdinal": "11",
      "accountCreations": []
    }
  ],
  "blobHashes": [],
  "gasPrice": "0a7a358200",
  "maxFeePerGas": "0a7a358200",
  "maxPriorityFeePerGas": "0a7a358200",
  "receipt": {
    "stateRoot": "",
    "cumulativeGasUsed": "$cumulativeGasUsed",
    "logsBloom": "$logsBloom",
    "logs": []
  }
}