{
  "to": "$contract",
  "nonce": "$nonce",
  "gasLimit": "900000",
  "input": "fd1d6ab5000000000000000000000000$childContract000000000000000000000000d549d2fd4b177767b84ab2fd17423cee1cf1d7bd",
  "v": "",
  "r": "",
  "s": "",
  "gasUsed": "41598",
  "type": "TRX_TYPE_LEGACY",
  "accessList": [],
  "index": "$index",
  "hash": "$hash",
  "from": "821b55d8abe79bc98f05eb675fdc50dfe796b7ab",
  "returnData": "",
  "publicKey": "",
  "beginOrdinal": "0",
  "endOrdinal": "24",
  "status": "SUCCEEDED",
  "calls": [
    {
      "index": 1,
      "parentIndex": 0,
      "depth": 0,
      "callType": "CALL",
      "caller": "821b55d8abe79bc98f05eb675fdc50dfe796b7ab",
      "address": "$contract",
      "gasLimit": "878200",
      "gasConsumed": "19798",
      "returnData": "",
      "input": "fd1d6ab5000000000000000000000000$childContract000000000000000000000000d549d2fd4b177767b84ab2fd17423cee1cf1d7bd",
      "executedCode": true,
      "suicide": false,
      "keccakPreimages": {},
      "storageChanges": [],
      "balanceChanges": [
        {
          "address": "821b55d8abe79bc98f05eb675fdc50dfe796b7ab",
          "reason": "REASON_GAS_BUY",
          "ordinal": "1",
          "oldValue": "8fe28911674000",
          "newValue": ""
        },
        {
          "address": "821b55d8abe79bc98f05eb675fdc50dfe796b7ab",
          "reason": "REASON_TRANSFER",
          "ordinal": "5",
          "oldValue": "01",
          "newValue": ""
        },
        {
          "address": "$contract",
          "reason": "REASON_TRANSFER",
          "ordinal": "6",
          "newValue": "01",
          "oldValue": ""
        },
        {
          "address": "821b55d8abe79bc98f05eb675fdc50dfe796b7ab",
          "reason": "REASON_GAS_REFUND",
          "ordinal": "22",
          "oldValue": "",
          "newValue": "893c0b0ecd4400"
        },
        {
          "address": "$coinbase",
          "reason": "REASON_REWARD_TRANSACTION_FEE",
          "ordinal": "23",
          "oldValue": "",
          "newValue": "01"
        }
      ],
      "nonceChanges": [
        {
          "address": "821b55d8abe79bc98f05eb675fdc50dfe796b7ab",
          "oldValue": "0",
          "newValue": "1",
          "ordinal": "3"
        }
      ],
      "logs": [],
      "codeChanges": [],
      "gasChanges": [
        {
          "oldValue": "900000",
          "newValue": "878200",
          "reason": "REASON_INTRINSIC_GAS",
          "ordinal": "2"
        },
        {
          "oldValue": "877346",
          "newValue": "874846",
          "reason": "REASON_STATE_COLD_ACCESS",
          "ordinal": "7"
        },
        {
          "oldValue": "877446",
          "newValue": "13528",
          "reason": "REASON_CALL",
          "ordinal": "8"
        },
        {
          "oldValue": "13528",
          "newValue": "858489",
          "reason": "REASON_REFUND_AFTER_EXECUTION",
          "ordinal": "20"
        }
      ],
      "statusFailed": false,
      "statusReverted": false,
      "failureReason": "",
      "stateReverted": false,
      "beginOrdinal": "0",
      "endOrdinal": "21",
      "accountCreations": [],
      "value": "01"
    },
    {
      "index": 2,
      "parentIndex": 1,
      "depth": 1,
      "callType": "CALL",
      "caller": "$contract",
      "address": "$childContract",
      "gasLimit": "854618",
      "gasConsumed": "9657",
      "returnData": "",
      "input": "a55d0e8e000000000000000000000000d549d2fd4b177767b84ab2fd17423cee1cf1d7bd",
      "executedCode": true,
      "suicide": false,
      "keccakPreimages": {},
      "storageChanges": [],
      "balanceChanges": [
        {
          "address": "$contract",
          "reason": "REASON_TRANSFER",
          "ordinal": "10",
          "oldValue": "01",
          "newValue": ""
        },
        {
          "address": "$childContract",
          "reason": "REASON_TRANSFER",
          "ordinal": "11",
          "newValue": "01",
          "oldValue": ""
        }
      ],
      "nonceChanges": [],
      "logs": [],
      "codeChanges": [],
      "gasChanges": [
        {
          "oldValue": "854208",
          "newValue": "851708",
          "reason": "REASON_STATE_COLD_ACCESS",
          "ordinal": "12"
        },
        {
          "oldValue": "854308",
          "newValue": "842708",
          "reason": "REASON_CALL",
          "ordinal": "13"
        },
        {
          "oldValue": "842708",
          "newValue": "845008",
          "reason": "REASON_REFUND_AFTER_EXECUTION",
          "ordinal": "18"
        }
      ],
      "statusFailed": false,
      "statusReverted": false,
      "failureReason": "",
      "stateReverted": false,
      "beginOrdinal": "9",
      "endOrdinal": "19",
      "accountCreations": [],
      "value": "01"
    },
    {
      "index": 3,
      "parentIndex": 2,
      "depth": 2,
      "callType": "CALL",
      "caller": "$childContract",
      "address": "d549d2fd4b177767b84ab2fd17423cee1cf1d7bd",
      "gasLimit": "2300",
      "gasConsumed": "0",
      "returnData": "",
      "input": "",
      "executedCode": false,
      "suicide": false,
      "keccakPreimages": {},
      "storageChanges": [],
      "balanceChanges": [
        {
          "address": "$childContract",
          "reason": "REASON_TRANSFER",
          "ordinal": "15",
          "oldValue": "01",
          "newValue": ""
        },
        {
          "address": "d549d2fd4b177767b84ab2fd17423cee1cf1d7bd",
          "reason": "REASON_TRANSFER",
          "ordinal": "16",
          "oldValue": "",
          "newValue": "01"
        }
      ],
      "nonceChanges": [],
      "logs": [],
      "codeChanges": [],
      "gasChanges": [],
      "statusFailed": false,
      "statusReverted": false,
      "failureReason": "",
      "stateReverted": false,
      "beginOrdinal": "14",
      "endOrdinal": "17",
      "accountCreations": [],
      "value": "01"
    }
  ],
  "blobHashes": [],
  "gasPrice": "0a7a358200",
  "value": "01",
  "receipt": {
    "stateRoot": "",
    "cumulativeGasUsed": "$cumulativeGasUsed",
    "logsBloom": "$logsBloom",
    "logs": []
  }
}