{
  "to": "$precompileAddress",
  "nonce": "$nonce",
  "gasLimit": "300000",
  "input": "",
  "v": "",
  "r": "",
  "s": "",
  "gasUsed": "21015",
  "type": "TRX_TYPE_LEGACY",
  "accessList": [],
  "index": "$index",
  "hash": "$hash",
  "from": "821b55d8abe79bc98f05eb675fdc50dfe796b7ab",
  "returnData": "",
  "publicKey": "",
  "beginOrdinal": "0",
  "endOrdinal": "18",
  "status": "SUCCEEDED",
  "calls": [
    {
      "index": 1,
      "parentIndex": 0,
      "depth": 0,
      "callType": "CALL",
      "caller": "821b55d8abe79bc98f05eb675fdc50dfe796b7ab",
      "address": "$precompileAddress",
      "gasLimit": "279000",
      "gasConsumed": "15",
      "returnData": "",
      "input": "",
      "executedCode": false,
      "suicide": false,
      "keccakPreimages": {},
      "storageChanges": [],
      "balanceChanges": [
        {
          "address": "821b55d8abe79bc98f05eb675fdc50dfe796b7ab",
          "reason": "REASON_GAS_BUY",
          "ordinal": "2",
          "oldValue": "2ff62db077c000",
          "newValue": ""
        },
        {
          "address": "821b55d8abe79bc98f05eb675fdc50dfe796b7ab",
          "reason": "REASON_TRANSFER",
          "ordinal": "7",
          "oldValue": "01",
          "newValue": ""
        },
        {
          "address": "$precompileAddress",
          "reason": "REASON_TRANSFER",
          "ordinal": "8",
          "newValue": "01",
          "oldValue": ""
        },
        {
          "address": "821b55d8abe79bc98f05eb675fdc50dfe796b7ab",
          "reason": "REASON_GAS_REFUND",
          "ordinal": "13",
          "oldValue": "",
          "newValue": "2c9a1792051200"
        },
        {
          "address": "000000000000000000000000000000000000dead",
          "reason": "REASON_BURN",
          "ordinal": "15",
          "oldValue": "",
          "newValue": ""
        },
        {
          "address": "$coinbase",
          "reason": "REASON_REWARD_TRANSACTION_FEE",
          "ordinal": "16",
          "oldValue": "",
          "newValue": "01"
        }
      ],
      "nonceChanges": [
        {
          "address": "821b55d8abe79bc98f05eb675fdc50dfe796b7ab",
          "oldValue": "0",
          "newValue": "1",
          "ordinal": "4"
        }
      ],
      "logs": [],
      "codeChanges": [],
      "gasChanges": [
        {
          "oldValue": "0",
          "newValue": "300000",
          "reason": "REASON_TX_INITIAL_BALANCE",
          "ordinal": "1"
        },
        {
          "oldValue": "300000",
          "newValue": "279000",
          "reason": "REASON_INTRINSIC_GAS",
          "ordinal": "3"
        },
        {
          "oldValue": "0",
          "newValue": "279000",
          "reason": "REASON_CALL_INITIAL_BALANCE",
          "ordinal": "6"
        },
        {
          "oldValue": "279000",
          "newValue": "278985",
          "reason": "REASON_PRECOMPILED_CONTRACT",
          "ordinal": "10"
        },
        {
          "oldValue": "278985",
          "newValue": "0",
          "reason": "REASON_CALL_LEFT_OVER_RETURNED",
          "ordinal": "11"
        },
        {
          "oldValue": "278985",
          "newValue": "0",
          "reason": "REASON_TX_LEFT_OVER_RETURNED",
          "ordinal": "14"
        }
      ],
      "statusFailed": false,
      "statusReverted": false,
      "failureReason": "",
      "stateReverted": false,
      "beginOrdinal": "5",
      "endOrdinal": "12",
      "accountCreations": [],
      "value": "01"
    }
  ],
  "blobHashes": [],
  "gasPrice": "0a7a358200",
  "value": "01",
  "receipt": {
    "stateRoot": "",
    "cumulativeGasUsed": "$cumulativeGasUsed",
    "logsBloom": "$logsBloom",
    "logs": []
  }
}