{
  "to": "$callsContract",
  "nonce": "$nonce",
  "gasLimit": "900000",
  "input": "bf2ff239000000000000000000000000$childContract",
  "v": "",
  "r": "",
  "s": "",
  "gasUsed": "887096",
  "type": "TRX_TYPE_LEGACY",
  "accessList": [],
  "index": "$index",
  "hash": "$hash",
  "from": "821b55d8abe79bc98f05eb675fdc50dfe796b7ab",
  "returnData": "",
  "publicKey": "",
  "beginOrdinal": "0",
  "endOrdinal": "17",
  "status": "SUCCEEDED",
  "calls": [
    {
      "index": 1,
      "parentIndex": 0,
      "depth": 0,
      "callType": "CALL",
      "caller": "821b55d8abe79bc98f05eb675fdc50dfe796b7ab",
      "address": "$callsContract",
      "gasLimit": "878568",
      "gasConsumed": "865664",
      "returnData": "",
      "input": "bf2ff239000000000000000000000000$childContract",
      "executedCode": true,
      "suicide": false,
      "keccakPreimages": {},
      "storageChanges": [
        {
          "address": "$callsContract",
          "key": "0000000000000000000000000000000000000000000000000000000000000002",
          "oldValue": "0000000000000000000000000000000000000000000000000000000000000000",
          "newValue": "0000000000000000000000000000000000000000000000000000000000000001",
          "ordinal": "5"
        }
      ],
      "balanceChanges": [
        {
          "address": "821b55d8abe79bc98f05eb675fdc50dfe796b7ab",
          "reason": "REASON_GAS_BUY",
          "ordinal": "1",
          "oldValue": "8fe28911674000",
          "newValue": ""
        },
        {
          "address": "821b55d8abe79bc98f05eb675fdc50dfe796b7ab",
          "reason": "REASON_GAS_REFUND",
          "ordinal": "13",
          "oldValue": "",
          "newValue": "0210201920d000"
        },
        {
          "address": "000000000000000000000000000000000000dead",
          "reason": "REASON_BURN",
          "ordinal": "14",
          "oldValue": "",
          "newValue": "026313ad1800"
        },
        {
          "address": "$coinbase",
          "reason": "REASON_REWARD_TRANSACTION_FEE",
          "ordinal": "15",
          "oldValue": "",
          "newValue": "01"
        }
      ],
      "nonceChanges": [
        {
          "address": "821b55d8abe79bc98f05eb675fdc50dfe796b7ab",
          "oldValue": "0",
          "newValue": "1",
          "ordinal": "3"
        }
      ],
      "logs": [
        {
          "address": "0000000000000000000000000000000000001010",
          "topics": [
            "4dfe1bbbcf077ddc3e01291eea2d5c70c2b422b415d95645b9adcfd678cb1d63",
            "0000000000000000000000000000000000000000000000000000000000001010",
            "000000000000000000000000821b55d8abe79bc98f05eb675fdc50dfe796b7ab",
            "0000000000000000000000004196a1a1e21a53e1baa3a0a5a2a1203571b250cd"
          ],
          "data": "000000000000000000000000000000000000000000000000008dd005e499580000000000000000000000000000000000000000000000d3c2148844a00fcd6fe50000000000000000000000000000000000000000033a5a7a8b46ea22c97a354a00000000000000000000000000000000000000000000d3c213fa749a2b3417e50000000000000000000000000000000000000000033a5a7a8bd4ba28ae138d4a",
          "index": 0,
          "blockIndex": 0,
          "ordinal": "16"
        }
      ],
      "codeChanges": [],
      "gasChanges": [
        {
          "oldValue": "900000",
          "newValue": "878568",
          "reason": "REASON_INTRINSIC_GAS",
          "ordinal": "2"
        },
        {
          "oldValue": "855615",
          "newValue": "853115",
          "reason": "REASON_STATE_COLD_ACCESS",
          "ordinal": "6"
        },
        {
          "oldValue": "855715",
          "newValue": "13329",
          "reason": "REASON_CALL",
          "ordinal": "7"
        }
      ],
      "statusFailed": false,
      "statusReverted": false,
      "failureReason": "",
      "stateReverted": false,
      "beginOrdinal": "0",
      "endOrdinal": "12",
      "accountCreations": []
    },
    {
      "index": 2,
      "parentIndex": 1,
      "depth": 1,
      "callType": "CALL",
      "caller": "$callsContract",
      "address": "$childContract",
      "gasLimit": "839786",
      "gasConsumed": "839786",
      "returnData": "",
      "input": "69961c23",
      "executedCode": true,
      "suicide": false,
      "keccakPreimages": {},
      "storageChanges": [
        {
          "address": "$childContract",
          "key": "0000000000000000000000000000000000000000000000000000000000000003",
          "oldValue": "0000000000000000000000000000000000000000000000000000000000000000",
          "newValue": "0000000000000000000000000000000000000000000000000000000000000001",
          "ordinal": "9"
        }
      ],
      "balanceChanges": [],
      "nonceChanges": [],
      "logs": [],
      "codeChanges": [],
      "gasChanges": [
        {
          "oldValue": "817374",
          "newValue": "0",
          "reason": "REASON_FAILED_EXECUTION",
          "ordinal": "10"
        }
      ],
      "statusFailed": true,
      "statusReverted": false,
      "failureReason": "invalid opcode: INVALID",
      "stateReverted": true,
      "beginOrdinal": "8",
      "endOrdinal": "11",
      "accountCreations": []
    }
  ],
  "blobHashes": [],
  "gasPrice": "0a7a358200",
  "receipt": {
    "stateRoot": "",
    "cumulativeGasUsed": "$cumulativeGasUsed",
    "logsBloom": "$logsBloom",
    "logs": [
      {
        "address": "0000000000000000000000000000000000001010",
        "topics": [
          "4dfe1bbbcf077ddc3e01291eea2d5c70c2b422b415d95645b9adcfd678cb1d63",
          "0000000000000000000000000000000000000000000000000000000000001010",
          "000000000000000000000000821b55d8abe79bc98f05eb675fdc50dfe796b7ab",
          "0000000000000000000000004196a1a1e21a53e1baa3a0a5a2a1203571b250cd"
        ],
        "data": "000000000000000000000000000000000000000000000000008dd005e499580000000000000000000000000000000000000000000000d3c2148844a00fcd6fe50000000000000000000000000000000000000000033a5a7a8b46ea22c97a354a00000000000000000000000000000000000000000000d3c213fa749a2b3417e50000000000000000000000000000000000000000033a5a7a8bd4ba28ae138d4a",
        "index": 0,
        "blockIndex": 0,
        "ordinal": "16"
      }
    ]
  }
}