{
  "to": "$logsContract",
  "nonce": "$nonce",
  "gasLimit": "900000",
  "input": "d129a4b8",
  "v": "",
  "r": "",
  "s": "",
  "gasUsed": "21747",
  "type": "TRX_TYPE_LEGACY",
  "accessList": [],
  "index": "$index",
  "hash": "$hash",
  "from": "821b55d8abe79bc98f05eb675fdc50dfe796b7ab",
  "returnData": "08c379a00000000000000000000000000000000000000000000000000000000000000020000000000000000000000000000000000000000000000000000000000000000b6661696c65642063616c6c000000000000000000000000000000000000000000",
  "publicKey": "",
  "beginOrdinal": "0",
  "endOrdinal": "14",
  "status": "FAILED",
  "calls": [
    {
      "index": 1,
      "parentIndex": 0,
      "depth": 0,
      "callType": "CALL",
      "caller": "821b55d8abe79bc98f05eb675fdc50dfe796b7ab",
      "address": "$logsContract",
      "gasLimit": "878936",
      "gasConsumed": "683",
      "returnData": "08c379a00000000000000000000000000000000000000000000000000000000000000020000000000000000000000000000000000000000000000000000000000000000b6661696c65642063616c6c000000000000000000000000000000000000000000",
      "input": "d129a4b8",
      "executedCode": true,
      "suicide": false,
      "keccakPreimages": {},
      "storageChanges": [],
      "balanceChanges": [
        {
          "address": "821b55d8abe79bc98f05eb675fdc50dfe796b7ab",
          "reason": "REASON_GAS_BUY",
          "ordinal": "2",
          "oldValue": "8fe28911674000",
          "newValue": ""
        },
        {
          "address": "821b55d8abe79bc98f05eb675fdc50dfe796b7ab",
          "reason": "REASON_GAS_REFUND",
          "ordinal": "11",
          "oldValue": "",
          "newValue": "8c687d81f4da00"
        },
        {
          "address": "$coinbase",
          "reason": "REASON_REWARD_TRANSACTION_FEE",
          "ordinal": "13",
          "oldValue": "",
          "newValue": "01"
        }
      ],
      "nonceChanges": [
        {
          "address": "821b55d8abe79bc98f05eb675fdc50dfe796b7ab",
          "oldValue": "0",
          "newValue": "1",
          "ordinal": "4"
        }
      ],
      "logs": [
        {
          "address": "$logsContract",
          "topics": [],
          "data": "",
          "index": 0,
          "blockIndex": 0,
          "ordinal": "8"
        }
      ],
      "codeChanges": [],
      "gasChanges": [
        {
          "oldValue": "0",
          "newValue": "900000",
          "reason": "REASON_TX_INITIAL_BALANCE",
          "ordinal": "1"
        },
        {
          "oldValue": "900000",
          "newValue": "878936",
          "reason": "REASON_INTRINSIC_GAS",
          "ordinal": "3"
        },
        {
          "oldValue": "0",
          "newValue": "878936",
          "reason": "REASON_CALL_INITIAL_BALANCE",
          "ordinal": "6"
        },
        {
          "oldValue": "878751",
          "newValue": "878376",
          "reason": "REASON_EVENT_LOG",
          "ordinal": "7"
        },
        {
          "oldValue": "878253",
          "newValue": "0",
          "reason": "REASON_CALL_LEFT_OVER_RETURNED",
          "ordinal": "9"
        },
        {
          "oldValue": "878253",
          "newValue": "0",
          "reason": "REASON_TX_LEFT_OVER_RETURNED",
          "ordinal": "12"
        }
      ],
      "statusFailed": true,
      "statusReverted": true,
      "failureReason": "execution reverted",
      "stateReverted": true,
      "beginOrdinal": "5",
      "endOrdinal": "10",
      "accountCreations": []
    }
  ],
  "blobHashes": [],
  "gasPrice": "0a7a358200",
  "receipt": {
    "stateRoot": "",
    "cumulativeGasUsed": "$cumulativeGasUsed",
    "logsBloom": "$logsBloom",
    "logs": []
  }
}