{
  "to": "$logsContract",
  "nonce": "$nonce",
  "gasLimit": "900000",
  "input": "d3c344cd000000000000000000000000$childContract",
  "v": "",
  "r": "",
  "s": "",
  "gasUsed": "900000",
  "type": "TRX_TYPE_LEGACY",
  "accessList": [],
  "index": "$index",
  "hash": "$hash",
  "from": "821b55d8abe79bc98f05eb675fdc50dfe796b7ab",
  "returnData": "",
  "publicKey": "",
  "beginOrdinal": "0",
  "endOrdinal": "25",
  "status": "FAILED",
  "calls": [
    {
      "index": 1,
      "parentIndex": 0,
      "depth": 0,
      "callType": "CALL",
      "caller": "821b55d8abe79bc98f05eb675fdc50dfe796b7ab",
      "address": "$logsContract",
      "gasLimit": "878568",
      "gasConsumed": "878568",
      "returnData": "",
      "input": "d3c344cd000000000000000000000000$childContract",
      "executedCode": true,
      "suicide": false,
      "keccakPreimages": {},
      "storageChanges": [],
      "balanceChanges": [
        {
          "address": "821b55d8abe79bc98f05eb675fdc50dfe796b7ab",
          "reason": "REASON_GAS_BUY",
          "ordinal": "2",
          "oldValue": "8fe28911674000",
          "newValue": ""
        },
        {
          "address": "000000000000000000000000000000000000dead",
          "reason": "REASON_BURN",
          "ordinal": "22",
          "oldValue": "",
          "newValue": ""
        },
        {
          "address": "$coinbase",
          "reason": "REASON_REWARD_TRANSACTION_FEE",
          "ordinal": "23",
          "oldValue": "",
          "newValue": "01"
        }
      ],
      "nonceChanges": [
        {
          "address": "821b55d8abe79bc98f05eb675fdc50dfe796b7ab",
          "oldValue": "0",
          "newValue": "1",
          "ordinal": "4"
        }
      ],
      "logs": [
        {
          "address": "$logsContract",
          "topics": [
            "d41b36b76d8b32ab74deba2ef94d5017b230225c5a1b46122d43c27230652613"
          ],
          "data": "00000000000000000000000000000000000000000000000000000000000000a000000000000000000000000000000000000000000000000000000000000d66eb000000000000000000000000821b55d8abe79bc98f05eb675fdc50dfe796b7abd3c344cd0000000000000000000000000000000000000000000000000000000000000000000000000000000000000000000000000000000000000000000000000000000000000000000000000000000000000000000000000000000000000024d3c344cd000000000000000000000000$childContract00000000000000000000000000000000000000000000000000000000",
          "index": 0,
          "blockIndex": 0,
          "ordinal": "9"
        }
      ],
      "codeChanges": [],
      "gasChanges": [
        {
          "oldValue": "0",
          "newValue": "900000",
          "reason": "REASON_TX_INITIAL_BALANCE",
          "ordinal": "1"
        },
        {
          "oldValue": "900000",
          "newValue": "878568",
          "reason": "REASON_INTRINSIC_GAS",
          "ordinal": "3"
        },
        {
          "oldValue": "0",
          "newValue": "878568",
          "reason": "REASON_CALL_INITIAL_BALANCE",
          "ordinal": "6"
        },
        {
          "oldValue": "878131",
          "newValue": "878116",
          "reason": "REASON_CALL_DATA_COPY",
          "ordinal": "7"
        },
        {
          "oldValue": "878020",
          "newValue": "875222",
          "reason": "REASON_EVENT_LOG",
          "ordinal": "8"
        },
        {
          "oldValue": "874764",
          "newValue": "872264",
          "reason": "REASON_STATE_COLD_ACCESS",
          "ordinal": "10"
        },
        {
          "oldValue": "874864",
          "newValue": "13629",
          "reason": "REASON_CALL",
          "ordinal": "11"
        },
        {
          "oldValue": "13629",
          "newValue": "869491",
          "reason": "REASON_REFUND_AFTER_EXECUTION",
          "ordinal": "19"
        },
        {
          "oldValue": "869405",
          "newValue": "0",
          "reason": "REASON_FAILED_EXECUTION",
          "ordinal": "20"
        }
      ],
      "statusFailed": true,
      "statusReverted": false,
      "failureReason": "invalid opcode: INVALID",
      "stateReverted": true,
      "beginOrdinal": "5",
      "endOrdinal": "21",
      "accountCreations": []
    },
    {
      "index": 2,
      "parentIndex": 1,
      "depth": 1,
      "callType": "CALL",
      "caller": "$logsContract",
      "address": "$childContract",
      "gasLimit": "858635",
      "gasConsumed": "2773",
      "returnData": "",
      "input": "3ad6479c",
      "executedCode": true,
      "suicide": false,
      "keccakPreimages": {},
      "storageChanges": [],
      "balanceChanges": [],
      "nonceChanges": [],
      "logs": [
        {
          "address": "$childContract",
          "topics": [
            "bab5c3d501a2fe45bc08e1f68c8991cbed162d7a87f42d49bede66228c550b16"
          ],
          "data": "000000000000000000000000000000000000000000000000000000000000008000000000000000000000000000000000000000000000000000000000000d1937000000000000000000000000$logsContract3ad6479c0000000000000000000000000000000000000000000000000000000000000000000000000000000000000000000000000000000000000000000000043ad6479c00000000000000000000000000000000000000000000000000000000",
          "index": 1,
          "blockIndex": 0,
          "ordinal": "16"
        }
      ],
      "codeChanges": [],
      "gasChanges": [
        {
          "oldValue": "0",
          "newValue": "858635",
          "reason": "REASON_CALL_INITIAL_BALANCE",
          "ordinal": "13"
        },
        {
          "oldValue": "858260",
          "newValue": "858251",
          "reason": "REASON_CALL_DATA_COPY",
          "ordinal": "14"
        },
        {
          "oldValue": "858157",
          "newValue": "855871",
          "reason": "REASON_EVENT_LOG",
          "ordinal": "15"
        },
        {
          "oldValue": "855862",
          "newValue": "0",
          "reason": "REASON_CALL_LEFT_OVER_RETURNED",
          "ordinal": "17"
        }
      ],
      "statusFailed": false,
      "statusReverted": false,
      "failureReason": "",
      "stateReverted": true,
      "beginOrdinal": "12",
      "endOrdinal": "18",
      "accountCreations": []
    }
  ],
  "blobHashes": [],
  "gasPrice": "0a7a358200",
  "receipt": {
    "stateRoot": "",
    "cumulativeGasUsed": "$cumulativeGasUsed",
    "logsBloom": "$logsBloom",
    "logs": []
  }
}