{
  "to": "$inputContract",
  "nonce": "$nonce",
  "gasLimit": "900000",
  "input": "f93d3def0000000000000000000000000000000000000000000000000000000000000020000000000000000000000000000000000000000000000000000000000000000f6a75737420313520636861727321210000000000000000000000000000000000",
  "v": "",
  "r": "",
  "s": "",
  "gasUsed": "22357",
  "type": "TRX_TYPE_LEGACY",
  "accessList": [],
  "index": "$index",
  "hash": "$hash",
  "from": "821b55d8abe79bc98f05eb675fdc50dfe796b7ab",
  "returnData": "",
  "publicKey": "",
  "beginOrdinal": "0",
  "endOrdinal": "9",
  "status": "SUCCEEDED",
  "calls": [
    {
      "index": 1,
      "parentIndex": 0,
      "depth": 0,
      "callType": "CALL",
      "caller": "821b55d8abe79bc98f05eb675fdc50dfe796b7ab",
      "address": "$inputContract",
      "gasLimit": "878348",
      "gasConsumed": "705",
      "returnData": "0000000000000000000000000000000000000000000000000000000000000000",
      "input": "f93d3def0000000000000000000000000000000000000000000000000000000000000020000000000000000000000000000000000000000000000000000000000000000f6a75737420313520636861727321210000000000000000000000000000000000",
      "executedCode": true,
      "suicide": false,
      "keccakPreimages": {},
      "storageChanges": [],
      "balanceChanges": [
        {
          "address": "821b55d8abe79bc98f05eb675fdc50dfe796b7ab",
          "reason": "REASON_GAS_BUY",
          "ordinal": "1",
          "oldValue": "01705869225000",
          "newValue": ""
        },
        {
          "address": "821b55d8abe79bc98f05eb675fdc50dfe796b7ab",
          "reason": "REASON_GAS_REFUND",
          "ordinal": "7",
          "oldValue": "",
          "newValue": "016731fbaa2180"
        },
        {
          "address": "0000000000000000000000000000000000000000",
          "reason": "REASON_REWARD_TRANSACTION_FEE",
          "ordinal": "8",
          "oldValue": "",
          "newValue": "09266d75cb2d"
        }
      ],
      "nonceChanges": [
        {
          "address": "821b55d8abe79bc98f05eb675fdc50dfe796b7ab",
          "oldValue": "0",
          "newValue": "1",
          "ordinal": "3"
        }
      ],
      "logs": [],
      "codeChanges": [],
      "gasChanges": [
        {
          "oldValue": "900000",
          "newValue": "878348",
          "reason": "REASON_INTRINSIC_GAS",
          "ordinal": "2"
        },
        {
          "oldValue": "877821",
          "newValue": "877812",
          "reason": "REASON_CALL_DATA_COPY",
          "ordinal": "5"
        }
      ],
      "statusFailed": false,
      "statusReverted": false,
      "failureReason": "",
      "stateReverted": false,
      "beginOrdinal": "0",
      "endOrdinal": "6",
      "accountCreations": []
    }
  ],
  "blobHashes": [],
  "gasPrice": "1ad27480",
  "receipt": {
    "stateRoot": "",
    "cumulativeGasUsed": "$cumulativeGasUsed",
    "logsBloom": "$logsBloom",
    "logs": []
  }
}